Archive member included to satisfy reference by file (symbol)

d:/ac6/systemworkbench/plugins/fr.ac6.mcu.externaltools.arm-none.win32_1.16.0.201807130628/tools/compiler/bin/../lib/gcc/arm-none-eabi/7.2.1/thumb/v7e-m/fpv4-sp/hard\libgcc.a(_aeabi_uldivmod.o)
                              Drivers/STM32F4xx_HAL_Driver/stm32f4xx_hal_rcc.o (__aeabi_uldivmod)
d:/ac6/systemworkbench/plugins/fr.ac6.mcu.externaltools.arm-none.win32_1.16.0.201807130628/tools/compiler/bin/../lib/gcc/arm-none-eabi/7.2.1/thumb/v7e-m/fpv4-sp/hard\libgcc.a(_udivmoddi4.o)
                              d:/ac6/systemworkbench/plugins/fr.ac6.mcu.externaltools.arm-none.win32_1.16.0.201807130628/tools/compiler/bin/../lib/gcc/arm-none-eabi/7.2.1/thumb/v7e-m/fpv4-sp/hard\libgcc.a(_aeabi_uldivmod.o) (__udivmoddi4)
d:/ac6/systemworkbench/plugins/fr.ac6.mcu.externaltools.arm-none.win32_1.16.0.201807130628/tools/compiler/bin/../lib/gcc/arm-none-eabi/7.2.1/thumb/v7e-m/fpv4-sp/hard\libgcc.a(_dvmd_tls.o)
                              d:/ac6/systemworkbench/plugins/fr.ac6.mcu.externaltools.arm-none.win32_1.16.0.201807130628/tools/compiler/bin/../lib/gcc/arm-none-eabi/7.2.1/thumb/v7e-m/fpv4-sp/hard\libgcc.a(_aeabi_uldivmod.o) (__aeabi_ldiv0)
d:/ac6/systemworkbench/plugins/fr.ac6.mcu.externaltools.arm-none.win32_1.16.0.201807130628/tools/compiler/bin/../lib/gcc/arm-none-eabi/7.2.1/../../../../arm-none-eabi/lib/thumb/v7e-m/fpv4-sp/hard\libc_nano.a(lib_a-errno.o)
                              Application/SW4STM32/syscalls.o (__errno)
d:/ac6/systemworkbench/plugins/fr.ac6.mcu.externaltools.arm-none.win32_1.16.0.201807130628/tools/compiler/bin/../lib/gcc/arm-none-eabi/7.2.1/../../../../arm-none-eabi/lib/thumb/v7e-m/fpv4-sp/hard\libc_nano.a(lib_a-exit.o)
                              d:/ac6/systemworkbench/plugins/fr.ac6.mcu.externaltools.arm-none.win32_1.16.0.201807130628/tools/compiler/bin/../lib/gcc/arm-none-eabi/7.2.1/../../../../arm-none-eabi/lib/thumb/v7e-m/fpv4-sp/hard/crt0.o (exit)
d:/ac6/systemworkbench/plugins/fr.ac6.mcu.externaltools.arm-none.win32_1.16.0.201807130628/tools/compiler/bin/../lib/gcc/arm-none-eabi/7.2.1/../../../../arm-none-eabi/lib/thumb/v7e-m/fpv4-sp/hard\libc_nano.a(lib_a-impure.o)
                              d:/ac6/systemworkbench/plugins/fr.ac6.mcu.externaltools.arm-none.win32_1.16.0.201807130628/tools/compiler/bin/../lib/gcc/arm-none-eabi/7.2.1/../../../../arm-none-eabi/lib/thumb/v7e-m/fpv4-sp/hard\libc_nano.a(lib_a-exit.o) (_global_impure_ptr)
d:/ac6/systemworkbench/plugins/fr.ac6.mcu.externaltools.arm-none.win32_1.16.0.201807130628/tools/compiler/bin/../lib/gcc/arm-none-eabi/7.2.1/../../../../arm-none-eabi/lib/thumb/v7e-m/fpv4-sp/hard\libc_nano.a(lib_a-init.o)
                              d:/ac6/systemworkbench/plugins/fr.ac6.mcu.externaltools.arm-none.win32_1.16.0.201807130628/tools/compiler/bin/../lib/gcc/arm-none-eabi/7.2.1/../../../../arm-none-eabi/lib/thumb/v7e-m/fpv4-sp/hard/crt0.o (__libc_init_array)
d:/ac6/systemworkbench/plugins/fr.ac6.mcu.externaltools.arm-none.win32_1.16.0.201807130628/tools/compiler/bin/../lib/gcc/arm-none-eabi/7.2.1/../../../../arm-none-eabi/lib/thumb/v7e-m/fpv4-sp/hard\libc_nano.a(lib_a-malloc.o)
                              Application/User/main.o (malloc)
d:/ac6/systemworkbench/plugins/fr.ac6.mcu.externaltools.arm-none.win32_1.16.0.201807130628/tools/compiler/bin/../lib/gcc/arm-none-eabi/7.2.1/../../../../arm-none-eabi/lib/thumb/v7e-m/fpv4-sp/hard\libc_nano.a(lib_a-memset.o)
                              d:/ac6/systemworkbench/plugins/fr.ac6.mcu.externaltools.arm-none.win32_1.16.0.201807130628/tools/compiler/bin/../lib/gcc/arm-none-eabi/7.2.1/../../../../arm-none-eabi/lib/thumb/v7e-m/fpv4-sp/hard/crt0.o (memset)
d:/ac6/systemworkbench/plugins/fr.ac6.mcu.externaltools.arm-none.win32_1.16.0.201807130628/tools/compiler/bin/../lib/gcc/arm-none-eabi/7.2.1/../../../../arm-none-eabi/lib/thumb/v7e-m/fpv4-sp/hard\libc_nano.a(lib_a-nano-freer.o)
                              d:/ac6/systemworkbench/plugins/fr.ac6.mcu.externaltools.arm-none.win32_1.16.0.201807130628/tools/compiler/bin/../lib/gcc/arm-none-eabi/7.2.1/../../../../arm-none-eabi/lib/thumb/v7e-m/fpv4-sp/hard\libc_nano.a(lib_a-malloc.o) (_free_r)
d:/ac6/systemworkbench/plugins/fr.ac6.mcu.externaltools.arm-none.win32_1.16.0.201807130628/tools/compiler/bin/../lib/gcc/arm-none-eabi/7.2.1/../../../../arm-none-eabi/lib/thumb/v7e-m/fpv4-sp/hard\libc_nano.a(lib_a-nano-mallocr.o)
                              d:/ac6/systemworkbench/plugins/fr.ac6.mcu.externaltools.arm-none.win32_1.16.0.201807130628/tools/compiler/bin/../lib/gcc/arm-none-eabi/7.2.1/../../../../arm-none-eabi/lib/thumb/v7e-m/fpv4-sp/hard\libc_nano.a(lib_a-malloc.o) (_malloc_r)
d:/ac6/systemworkbench/plugins/fr.ac6.mcu.externaltools.arm-none.win32_1.16.0.201807130628/tools/compiler/bin/../lib/gcc/arm-none-eabi/7.2.1/../../../../arm-none-eabi/lib/thumb/v7e-m/fpv4-sp/hard\libc_nano.a(lib_a-printf.o)
                              GSM/GSM.o (printf)
[...]
Memory Configuration

Name             Origin             Length             Attributes
RAM              0x20000000         0x00020000         xrw
FLASH            0x08000000         0x00080000         xr
*default*        0x00000000         0xffffffff

Linker script and memory map

LOAD d:/ac6/systemworkbench/plugins/fr.ac6.mcu.externaltools.arm-none.win32_1.16.0.201807130628/tools/compiler/bin/../lib/gcc/arm-none-eabi/7.2.1/thumb/v7e-m/fpv4-sp/hard/crti.o
LOAD d:/ac6/systemworkbench/plugins/fr.ac6.mcu.externaltools.arm-none.win32_1.16.0.201807130628/tools/compiler/bin/../lib/gcc/arm-none-eabi/7.2.1/thumb/v7e-m/fpv4-sp/hard/crtbegin.o
LOAD d:/ac6/systemworkbench/plugins/fr.ac6.mcu.externaltools.arm-none.win32_1.16.0.201807130628/tools/compiler/bin/../lib/gcc/arm-none-eabi/7.2.1/../../../../arm-none-eabi/lib/thumb/v7e-m/fpv4-sp/hard/crt0.o
LOAD Application/SW4STM32/startup_stm32f411xe.o
LOAD Application/SW4STM32/syscalls.o
LOAD Application/User/fatfs.o
LOAD Application/User/main.o
LOAD Application/User/stm32f4xx_hal_msp.o
LOAD Application/User/stm32f4xx_it.o
LOAD Application/User/user_diskio.o
LOAD Drivers/CMSIS/system_stm32f4xx.o
LOAD Drivers/STM32F4xx_HAL_Driver/stm32f4xx_hal.o
LOAD Drivers/STM32F4xx_HAL_Driver/stm32f4xx_hal_cortex.o
LOAD Drivers/STM32F4xx_HAL_Driver/stm32f4xx_hal_dma.o
LOAD Drivers/STM32F4xx_HAL_Driver/stm32f4xx_hal_dma_ex.o
LOAD Drivers/STM32F4xx_HAL_Driver/stm32f4xx_hal_flash.o
LOAD Drivers/STM32F4xx_HAL_Driver/stm32f4xx_hal_flash_ex.o
LOAD Drivers/STM32F4xx_HAL_Driver/stm32f4xx_hal_flash_ramfunc.o
LOAD Drivers/STM32F4xx_HAL_Driver/stm32f4xx_hal_gpio.o
LOAD Drivers/STM32F4xx_HAL_Driver/stm32f4xx_hal_pwr.o
LOAD Drivers/STM32F4xx_HAL_Driver/stm32f4xx_hal_pwr_ex.o
LOAD Drivers/STM32F4xx_HAL_Driver/stm32f4xx_hal_rcc.o
LOAD Drivers/STM32F4xx_HAL_Driver/stm32f4xx_hal_rcc_ex.o
LOAD Drivers/STM32F4xx_HAL_Driver/stm32f4xx_hal_spi.o
LOAD Drivers/STM32F4xx_HAL_Driver/stm32f4xx_hal_tim.o
LOAD Drivers/STM32F4xx_HAL_Driver/stm32f4xx_hal_tim_ex.o
LOAD Drivers/STM32F4xx_HAL_Driver/stm32f4xx_hal_uart.o
LOAD EEPROM/eeprom.o
LOAD GSM/GSM.o
LOAD Middlewares/FatFs/diskio.o
LOAD Middlewares/FatFs/ff.o
LOAD Middlewares/FatFs/ff_gen_drv.o
LOAD Middlewares/FatFs/syscall.o
LOAD SPI_Card/user_diskio_spi.o
LOAD Zone/zone.o
LOAD d:/ac6/systemworkbench/plugins/fr.ac6.mcu.externaltools.arm-none.win32_1.16.0.201807130628/tools/compiler/bin/../lib/gcc/arm-none-eabi/7.2.1/../../../../arm-none-eabi/lib/thumb/v7e-m/fpv4-sp/hard\libm.a
START GROUP
LOAD d:/ac6/systemworkbench/plugins/fr.ac6.mcu.externaltools.arm-none.win32_1.16.0.201807130628/tools/compiler/bin/../lib/gcc/arm-none-eabi/7.2.1/thumb/v7e-m/fpv4-sp/hard\libgcc.a
LOAD d:/ac6/systemworkbench/plugins/fr.ac6.mcu.externaltools.arm-none.win32_1.16.0.201807130628/tools/compiler/bin/../lib/gcc/arm-none-eabi/7.2.1/../../../../arm-none-eabi/lib/thumb/v7e-m/fpv4-sp/hard\libc_nano.a
END GROUP
START GROUP
LOAD d:/ac6/systemworkbench/plugins/fr.ac6.mcu.externaltools.arm-none.win32_1.16.0.201807130628/tools/compiler/bin/../lib/gcc/arm-none-eabi/7.2.1/thumb/v7e-m/fpv4-sp/hard\libgcc.a
LOAD d:/ac6/systemworkbench/plugins/fr.ac6.mcu.externaltools.arm-none.win32_1.16.0.201807130628/tools/compiler/bin/../lib/gcc/arm-none-eabi/7.2.1/../../../../arm-none-eabi/lib/thumb/v7e-m/fpv4-sp/hard\libc_nano.a
LOAD d:/ac6/systemworkbench/plugins/fr.ac6.mcu.externaltools.arm-none.win32_1.16.0.201807130628/tools/compiler/bin/../lib/gcc/arm-none-eabi/7.2.1/../../../../arm-none-eabi/lib/thumb/v7e-m/fpv4-sp/hard\libnosys.a
END GROUP
START GROUP
LOAD d:/ac6/systemworkbench/plugins/fr.ac6.mcu.externaltools.arm-none.win32_1.16.0.201807130628/tools/compiler/bin/../lib/gcc/arm-none-eabi/7.2.1/thumb/v7e-m/fpv4-sp/hard\libgcc.a
LOAD d:/ac6/systemworkbench/plugins/fr.ac6.mcu.externaltools.arm-none.win32_1.16.0.201807130628/tools/compiler/bin/../lib/gcc/arm-none-eabi/7.2.1/../../../../arm-none-eabi/lib/thumb/v7e-m/fpv4-sp/hard\libc_nano.a
LOAD d:/ac6/systemworkbench/plugins/fr.ac6.mcu.externaltools.arm-none.win32_1.16.0.201807130628/tools/compiler/bin/../lib/gcc/arm-none-eabi/7.2.1/../../../../arm-none-eabi/lib/thumb/v7e-m/fpv4-sp/hard\libnosys.a
END GROUP
LOAD d:/ac6/systemworkbench/plugins/fr.ac6.mcu.externaltools.arm-none.win32_1.16.0.201807130628/tools/compiler/bin/../lib/gcc/arm-none-eabi/7.2.1/thumb/v7e-m/fpv4-sp/hard/crtend.o
LOAD d:/ac6/systemworkbench/plugins/fr.ac6.mcu.externaltools.arm-none.win32_1.16.0.201807130628/tools/compiler/bin/../lib/gcc/arm-none-eabi/7.2.1/thumb/v7e-m/fpv4-sp/hard/crtn.o
                0x20020000                _estack = 0x20020000
                0x00000200                _Min_Heap_Size = 0x200
                0x00000400                _Min_Stack_Size = 0x400

.isr_vector     0x08000000      0x198
                0x08000000                . = ALIGN (0x4)
 *(.isr_vector)
 .isr_vector    0x08000000      0x198 Application/SW4STM32/startup_stm32f411xe.o
                0x08000000                g_pfnVectors
                0x08000198                . = ALIGN (0x4)

.text           0x080001a0     0x57d4
                0x080001a0                . = ALIGN (0x4)
 *(.text)
 .text          0x080001a0       0x40 d:/ac6/systemworkbench/plugins/fr.ac6.mcu.externaltools.arm-none.win32_1.16.0.201807130628/tools/compiler/bin/../lib/gcc/arm-none-eabi/7.2.1/thumb/v7e-m/fpv4-sp/hard/crtbegin.o
 .text          0x080001e0       0x30 d:/ac6/systemworkbench/plugins/fr.ac6.mcu.externaltools.arm-none.win32_1.16.0.201807130628/tools/compiler/bin/../lib/gcc/arm-none-eabi/7.2.1/thumb/v7e-m/fpv4-sp/hard\libgcc.a(_aeabi_uldivmod.o)
                0x080001e0                __aeabi_uldivmod
 .text          0x08000210      0x2cc d:/ac6/systemworkbench/plugins/fr.ac6.mcu.externaltools.arm-none.win32_1.16.0.201807130628/tools/compiler/bin/../lib/gcc/arm-none-eabi/7.2.1/thumb/v7e-m/fpv4-sp/hard\libgcc.a(_udivmoddi4.o)
                0x08000210                __udivmoddi4
 .text          0x080004dc        0x4 d:/ac6/systemworkbench/plugins/fr.ac6.mcu.externaltools.arm-none.win32_1.16.0.201807130628/tools/compiler/bin/../lib/gcc/arm-none-eabi/7.2.1/thumb/v7e-m/fpv4-sp/hard\libgcc.a(_dvmd_tls.o)
                0x080004dc                __aeabi_idiv0
                0x080004dc                __aeabi_ldiv0
 .text          0x080004e0       0x14 d:/ac6/systemworkbench/plugins/fr.ac6.mcu.externaltools.arm-none.win32_1.16.0.201807130628/tools/compiler/bin/../lib/gcc/arm-none-eabi/7.2.1/../../../../arm-none-eabi/lib/thumb/v7e-m/fpv4-sp/hard\libc_nano.a(lib_a-strcmp.o)
                0x080004e0                strcmp
 .text          0x080004f4       0x10 d:/ac6/systemworkbench/plugins/fr.ac6.mcu.externaltools.arm-none.win32_1.16.0.201807130628/tools/compiler/bin/../lib/gcc/arm-none-eabi/7.2.1/../../../../arm-none-eabi/lib/thumb/v7e-m/fpv4-sp/hard\libc_nano.a(lib_a-strlen.o)
                0x080004f4                strlen
 *fill*         0x08000504        0xc 
 .text          0x08000510       0xa0 d:/ac6/systemworkbench/plugins/fr.ac6.mcu.externaltools.arm-none.win32_1.16.0.201807130628/tools/compiler/bin/../lib/gcc/arm-none-eabi/7.2.1/../../../../arm-none-eabi/lib/thumb/v7e-m/fpv4-sp/hard\libc_nano.a(lib_a-memchr.o)
                0x08000510                memchr
 *(.text*)
 .text.Reset_Handler
                0x080005b0       0x50 Application/SW4STM32/startup_stm32f411xe.o
                0x080005b0                Reset_Handler
 .text.Default_Handler
                0x08000600        0x2 Application/SW4STM32/startup_stm32f411xe.o
                0x08000600                RTC_Alarm_IRQHandler
                0x08000600                EXTI2_IRQHandler
                0x08000600                SPI4_IRQHandler
                0x08000600                TIM1_CC_IRQHandler
                0x08000600                DMA2_Stream5_IRQHandler
                0x08000600                DMA1_Stream5_IRQHandler
                0x08000600                PVD_IRQHandler
                0x08000600                SDIO_IRQHandler
                0x08000600                TAMP_STAMP_IRQHandler
                0x08000600                EXTI3_IRQHandler
                0x08000600                I2C3_ER_IRQHandler
                0x08000600                I2C2_EV_IRQHandler
                0x08000600                DMA1_Stream2_IRQHandler
                0x08000600                FPU_IRQHandler
                0x08000600                DMA2_Stream2_IRQHandler
                0x08000600                TIM1_BRK_TIM9_IRQHandler
                0x08000600                DMA2_Stream3_IRQHandler
                0x08000600                DMA2_Stream0_IRQHandler
                0x08000600                TIM4_IRQHandler
                0x08000600                I2C1_EV_IRQHandler
                0x08000600                DMA1_Stream6_IRQHandler
                0x08000600                DMA1_Stream1_IRQHandler
                0x08000600                TIM3_IRQHandler
                0x08000600                RCC_IRQHandler
                0x08000600                Default_Handler
                0x08000600                EXTI15_10_IRQHandler
                0x08000600                ADC_IRQHandler
                0x08000600                DMA1_Stream7_IRQHandler
                0x08000600                SPI5_IRQHandler
                0x08000600                TIM5_IRQHandler
                0x08000600                DMA2_Stream7_IRQHandler
                0x08000600                I2C3_EV_IRQHandler
                0x08000600                EXTI9_5_IRQHandler
                0x08000600                RTC_WKUP_IRQHandler
                0x08000600                SPI2_IRQHandler
                0x08000600                DMA1_Stream0_IRQHandler
                0x08000600                EXTI4_IRQHandler
                0x08000600                WWDG_IRQHandler
                0x08000600                TIM2_IRQHandler
                0x08000600                OTG_FS_WKUP_IRQHandler
                0x08000600                TIM1_TRG_COM_TIM11_IRQHandler
                0x08000600                EXTI1_IRQHandler
                0x08000600                I2C2_ER_IRQHandler
                0x08000600                DMA2_Stream1_IRQHandler
                0x08000600                FLASH_IRQHandler
                0x08000600                DMA2_Stream4_IRQHandler
                0x08000600                OTG_FS_IRQHandler
                0x08000600                SPI3_IRQHandler
                0x08000600                DMA1_Stream4_IRQHandler
                0x08000600                I2C1_ER_IRQHandler
                0x08000600                DMA2_Stream6_IRQHandler
                0x08000600                DMA1_Stream3_IRQHandler
 .text._read    0x08000602       0x1c Application/SW4STM32/syscalls.o
                0x08000602                _read
 .text._write   0x0800061e       0x1c Application/SW4STM32/syscalls.o
                0x0800061e                _write
 *fill*         0x0800063a        0x2 
 .text._sbrk    0x0800063c       0x3c Application/SW4STM32/syscalls.o
                0x0800063c                _sbrk
 .text._close   0x08000678        0x6 Application/SW4STM32/syscalls.o
                0x08000678                _close
 .text._fstat   0x0800067e        0xa Application/SW4STM32/syscalls.o
                0x0800067e                _fstat
 .text._isatty  0x08000688        0x4 Application/SW4STM32/syscalls.o
                0x08000688                _isatty
 .text._lseek   0x0800068c        0x4 Application/SW4STM32/syscalls.o
                0x0800068c                _lseek
 .text.MX_FATFS_Init
                0x08000690       0x1c Application/User/fatfs.o
                0x08000690                MX_FATFS_Init
 .text.get_fattime
                0x080006ac        0x4 Application/User/fatfs.o
                0x080006ac                get_fattime
 .text.MX_GPIO_Init
                0x080006b0       0xd0 Application/User/main.o
 .text.gsm      0x08000780       0xa0 Application/User/main.o
                0x08000780                gsm
 .text.HAL_UART_RxCpltCallback
                0x08000820       0xdc Application/User/main.o
                0x08000820                HAL_UART_RxCpltCallback
 .text.HAL_TIM_PeriodElapsedCallback
                0x080008fc       0x4c Application/User/main.o
                0x080008fc                HAL_TIM_PeriodElapsedCallback
 .text.Error_Handler
                0x08000948        0x2 Application/User/main.o
                0x08000948                Error_Handler
 *fill*         0x0800094a        0x2 
 .text.MX_USART6_UART_Init
                0x0800094c       0x34 Application/User/main.o
 .text.MX_USART1_UART_Init
                0x08000980       0x34 Application/User/main.o
 .text.MX_TIM10_Init
                0x080009b4       0x30 Application/User/main.o
 .text.MX_SPI1_Init
                0x080009e4       0x40 Application/User/main.o
 .text.MX_USART2_UART_Init
                0x08000a24       0x34 Application/User/main.o
 .text.SystemClock_Config
                0x08000a58       0xa4 Application/User/main.o
                0x08000a58                SystemClock_Config
 .text.main     0x08000afc       0x94 Application/User/main.o
                0x08000afc                main
 .text.HAL_MspInit
                0x08000b90       0x38 Application/User/stm32f4xx_hal_msp.o
                0x08000b90                HAL_MspInit
 .text.HAL_SPI_MspInit
                0x08000bc8       0x7c Application/User/stm32f4xx_hal_msp.o
                0x08000bc8                HAL_SPI_MspInit
 .text.HAL_TIM_Base_MspInit
                0x08000c44       0x40 Application/User/stm32f4xx_hal_msp.o
                0x08000c44                HAL_TIM_Base_MspInit
 .text.HAL_UART_MspInit
                0x08000c84      0x154 Application/User/stm32f4xx_hal_msp.o
                0x08000c84                HAL_UART_MspInit
 .text.NMI_Handler
                0x08000dd8        0x2 Application/User/stm32f4xx_it.o
                0x08000dd8                NMI_Handler
 .text.HardFault_Handler
                0x08000dda        0x2 Application/User/stm32f4xx_it.o
                0x08000dda                HardFault_Handler
 .text.MemManage_Handler
                0x08000ddc        0x2 Application/User/stm32f4xx_it.o
                0x08000ddc                MemManage_Handler
 .text.BusFault_Handler
                0x08000dde        0x2 Application/User/stm32f4xx_it.o
                0x08000dde                BusFault_Handler
 .text.UsageFault_Handler
                0x08000de0        0x2 Application/User/stm32f4xx_it.o
                0x08000de0                UsageFault_Handler
 .text.SVC_Handler
                0x08000de2        0x2 Application/User/stm32f4xx_it.o
                0x08000de2                SVC_Handler
 .text.DebugMon_Handler
                0x08000de4        0x2 Application/User/stm32f4xx_it.o
                0x08000de4                DebugMon_Handler
 .text.PendSV_Handler
                0x08000de6        0x2 Application/User/stm32f4xx_it.o
                0x08000de6                PendSV_Handler
 .text.SysTick_Handler
                0x08000de8        0x8 Application/User/stm32f4xx_it.o
                0x08000de8                SysTick_Handler
 .text.EXTI0_IRQHandler
                0x08000df0        0xa Application/User/stm32f4xx_it.o
                0x08000df0                EXTI0_IRQHandler
 *fill*         0x08000dfa        0x2 
 .text.TIM1_UP_TIM10_IRQHandler
                0x08000dfc       0x10 Application/User/stm32f4xx_it.o
                0x08000dfc                TIM1_UP_TIM10_IRQHandler
 .text.SPI1_IRQHandler
                0x08000e0c       0x10 Application/User/stm32f4xx_it.o
                0x08000e0c                SPI1_IRQHandler
 .text.USART1_IRQHandler
                0x08000e1c       0x10 Application/User/stm32f4xx_it.o
                0x08000e1c                USART1_IRQHandler
 .text.USART2_IRQHandler
                0x08000e2c       0x10 Application/User/stm32f4xx_it.o
                0x08000e2c                USART2_IRQHandler
 .text.USART6_IRQHandler
                0x08000e3c       0x10 Application/User/stm32f4xx_it.o
                0x08000e3c                USART6_IRQHandler
 .text.USER_initialize
                0x08000e4c        0x8 Application/User/user_diskio.o
                0x08000e4c                USER_initialize
 .text.USER_status
                0x08000e54        0x8 Application/User/user_diskio.o
                0x08000e54                USER_status
 .text.USER_read
                0x08000e5c        0x8 Application/User/user_diskio.o
                0x08000e5c                USER_read
 .text.USER_write
                0x08000e64        0x8 Application/User/user_diskio.o
                0x08000e64                USER_write
 .text.USER_ioctl
                0x08000e6c        0x8 Application/User/user_diskio.o
                0x08000e6c                USER_ioctl
 .text.SystemInit
                0x08000e74       0x4c Drivers/CMSIS/system_stm32f4xx.o
                0x08000e74                SystemInit
 .text.HAL_InitTick
                0x08000ec0       0x48 Drivers/STM32F4xx_HAL_Driver/stm32f4xx_hal.o
                0x08000ec0                HAL_InitTick
 .text.HAL_Init
                0x08000f08       0x34 Drivers/STM32F4xx_HAL_Driver/stm32f4xx_hal.o
                0x08000f08                HAL_Init
 .text.HAL_IncTick
                0x08000f3c       0x18 Drivers/STM32F4xx_HAL_Driver/stm32f4xx_hal.o
                0x08000f3c                HAL_IncTick
 .text.HAL_GetTick
                0x08000f54        0xc Drivers/STM32F4xx_HAL_Driver/stm32f4xx_hal.o
                0x08000f54                HAL_GetTick
 .text.HAL_Delay
                0x08000f60       0x28 Drivers/STM32F4xx_HAL_Driver/stm32f4xx_hal.o
                0x08000f60                HAL_Delay
 .text.HAL_NVIC_SetPriorityGrouping
                0x08000f88       0x24 Drivers/STM32F4xx_HAL_Driver/stm32f4xx_hal_cortex.o
                0x08000f88                HAL_NVIC_SetPriorityGrouping
 .text.HAL_NVIC_SetPriority
                0x08000fac       0x68 Drivers/STM32F4xx_HAL_Driver/stm32f4xx_hal_cortex.o
                0x08000fac                HAL_NVIC_SetPriority
 .text.HAL_NVIC_EnableIRQ
                0x08001014       0x18 Drivers/STM32F4xx_HAL_Driver/stm32f4xx_hal_cortex.o
                0x08001014                HAL_NVIC_EnableIRQ
 .text.HAL_SYSTICK_Config
                0x0800102c       0x2c Drivers/STM32F4xx_HAL_Driver/stm32f4xx_hal_cortex.o
                0x0800102c                HAL_SYSTICK_Config
 .text.HAL_DMA_Abort_IT
                0x08001058       0x26 Drivers/STM32F4xx_HAL_Driver/stm32f4xx_hal_dma.o
                0x08001058                HAL_DMA_Abort_IT
 *fill*         0x0800107e        0x2 
 .text.HAL_GPIO_Init
                0x08001080      0x1a4 Drivers/STM32F4xx_HAL_Driver/stm32f4xx_hal_gpio.o
                0x08001080                HAL_GPIO_Init
 .text.HAL_GPIO_WritePin
                0x08001224        0xc Drivers/STM32F4xx_HAL_Driver/stm32f4xx_hal_gpio.o
                0x08001224                HAL_GPIO_WritePin
 .text.HAL_GPIO_EXTI_Callback
                0x08001230        0x2 Drivers/STM32F4xx_HAL_Driver/stm32f4xx_hal_gpio.o
                0x08001230                HAL_GPIO_EXTI_Callback
 *fill*         0x08001232        0x2 
 .text.HAL_GPIO_EXTI_IRQHandler
                0x08001234       0x1c Drivers/STM32F4xx_HAL_Driver/stm32f4xx_hal_gpio.o
                0x08001234                HAL_GPIO_EXTI_IRQHandler
 .text.HAL_RCC_OscConfig
                0x08001250      0x398 Drivers/STM32F4xx_HAL_Driver/stm32f4xx_hal_rcc.o
                0x08001250                HAL_RCC_OscConfig
 .text.HAL_RCC_GetSysClockFreq
                0x080015e8       0xd8 Drivers/STM32F4xx_HAL_Driver/stm32f4xx_hal_rcc.o
                0x080015e8                HAL_RCC_GetSysClockFreq
 .text.HAL_RCC_ClockConfig
                0x080016c0      0x158 Drivers/STM32F4xx_HAL_Driver/stm32f4xx_hal_rcc.o
                0x080016c0                HAL_RCC_ClockConfig
 .text.HAL_RCC_GetHCLKFreq
                0x08001818        0xc Drivers/STM32F4xx_HAL_Driver/stm32f4xx_hal_rcc.o
                0x08001818                HAL_RCC_GetHCLKFreq
 .text.HAL_RCC_GetPCLK1Freq
                0x08001824       0x20 Drivers/STM32F4xx_HAL_Driver/stm32f4xx_hal_rcc.o
                0x08001824                HAL_RCC_GetPCLK1Freq
 .text.HAL_RCC_GetPCLK2Freq
                0x08001844       0x20 Drivers/STM32F4xx_HAL_Driver/stm32f4xx_hal_rcc.o
                0x08001844                HAL_RCC_GetPCLK2Freq
 .text.SPI_WaitFlagStateUntilTimeout
                0x08001864       0x96 Drivers/STM32F4xx_HAL_Driver/stm32f4xx_hal_spi.o
 .text.SPI_CheckFlag_BSY
                0x080018fa       0x28 Drivers/STM32F4xx_HAL_Driver/stm32f4xx_hal_spi.o
 .text.HAL_SPI_Init
                0x08001922       0x80 Drivers/STM32F4xx_HAL_Driver/stm32f4xx_hal_spi.o
                0x08001922                HAL_SPI_Init
 .text.HAL_SPI_TransmitReceive
                0x080019a2      0x238 Drivers/STM32F4xx_HAL_Driver/stm32f4xx_hal_spi.o
                0x080019a2                HAL_SPI_TransmitReceive
 .text.HAL_SPI_ErrorCallback
                0x08001bda        0x2 Drivers/STM32F4xx_HAL_Driver/stm32f4xx_hal_spi.o
                0x08001bda                HAL_SPI_ErrorCallback
 .text.HAL_SPI_IRQHandler
                0x08001bdc      0x108 Drivers/STM32F4xx_HAL_Driver/stm32f4xx_hal_spi.o
                0x08001bdc                HAL_SPI_IRQHandler
 .text.SPI_DMAAbortOnError
                0x08001ce4       0x10 Drivers/STM32F4xx_HAL_Driver/stm32f4xx_hal_spi.o
 .text.HAL_TIM_Base_Start_IT
                0x08001cf4       0x18 Drivers/STM32F4xx_HAL_Driver/stm32f4xx_hal_tim.o
                0x08001cf4                HAL_TIM_Base_Start_IT
 .text.HAL_TIM_OC_DelayElapsedCallback
                0x08001d0c        0x2 Drivers/STM32F4xx_HAL_Driver/stm32f4xx_hal_tim.o
                0x08001d0c                HAL_TIM_OC_DelayElapsedCallback
 .text.HAL_TIM_IC_CaptureCallback
                0x08001d0e        0x2 Drivers/STM32F4xx_HAL_Driver/stm32f4xx_hal_tim.o
                0x08001d0e                HAL_TIM_IC_CaptureCallback
 .text.HAL_TIM_PWM_PulseFinishedCallback
                0x08001d10        0x2 Drivers/STM32F4xx_HAL_Driver/stm32f4xx_hal_tim.o
                0x08001d10                HAL_TIM_PWM_PulseFinishedCallback
 .text.HAL_TIM_TriggerCallback
                0x08001d12        0x2 Drivers/STM32F4xx_HAL_Driver/stm32f4xx_hal_tim.o
                0x08001d12                HAL_TIM_TriggerCallback
 .text.HAL_TIM_IRQHandler
                0x08001d14      0x17a Drivers/STM32F4xx_HAL_Driver/stm32f4xx_hal_tim.o
                0x08001d14                HAL_TIM_IRQHandler
 *fill*         0x08001e8e        0x2 
 .text.TIM_Base_SetConfig
                0x08001e90       0x94 Drivers/STM32F4xx_HAL_Driver/stm32f4xx_hal_tim.o
                0x08001e90                TIM_Base_SetConfig
 .text.HAL_TIM_Base_Init
                0x08001f24       0x32 Drivers/STM32F4xx_HAL_Driver/stm32f4xx_hal_tim.o
                0x08001f24                HAL_TIM_Base_Init
 .text.HAL_TIMEx_CommutationCallback
                0x08001f56        0x2 Drivers/STM32F4xx_HAL_Driver/stm32f4xx_hal_tim_ex.o
                0x08001f56                HAL_TIMEx_CommutationCallback
 .text.HAL_TIMEx_BreakCallback
                0x08001f58        0x2 Drivers/STM32F4xx_HAL_Driver/stm32f4xx_hal_tim_ex.o
                0x08001f58                HAL_TIMEx_BreakCallback
 .text.UART_EndRxTransfer
                0x08001f5a       0x1c Drivers/STM32F4xx_HAL_Driver/stm32f4xx_hal_uart.o
 .text.UART_Transmit_IT
                0x08001f76       0x68 Drivers/STM32F4xx_HAL_Driver/stm32f4xx_hal_uart.o
 *fill*         0x08001fde        0x2 
 .text.UART_SetConfig
                0x08001fe0      0x334 Drivers/STM32F4xx_HAL_Driver/stm32f4xx_hal_uart.o
 .text.UART_WaitOnFlagUntilTimeout
                0x08002314       0x62 Drivers/STM32F4xx_HAL_Driver/stm32f4xx_hal_uart.o
 .text.HAL_UART_Init
                0x08002376       0x5e Drivers/STM32F4xx_HAL_Driver/stm32f4xx_hal_uart.o
                0x08002376                HAL_UART_Init
 .text.HAL_UART_Transmit
                0x080023d4       0xe0 Drivers/STM32F4xx_HAL_Driver/stm32f4xx_hal_uart.o
                0x080023d4                HAL_UART_Transmit
 .text.HAL_UART_Receive
                0x080024b4       0xe4 Drivers/STM32F4xx_HAL_Driver/stm32f4xx_hal_uart.o
                0x080024b4                HAL_UART_Receive
 .text.HAL_UART_Receive_IT
                0x08002598       0x52 Drivers/STM32F4xx_HAL_Driver/stm32f4xx_hal_uart.o
                0x08002598                HAL_UART_Receive_IT
 .text.HAL_UART_TxCpltCallback
                0x080025ea        0x2 Drivers/STM32F4xx_HAL_Driver/stm32f4xx_hal_uart.o
                0x080025ea                HAL_UART_TxCpltCallback
 .text.UART_EndTransmit_IT
                0x080025ec       0x1a Drivers/STM32F4xx_HAL_Driver/stm32f4xx_hal_uart.o
 .text.UART_Receive_IT
                0x08002606       0x92 Drivers/STM32F4xx_HAL_Driver/stm32f4xx_hal_uart.o
 .text.HAL_UART_ErrorCallback
                0x08002698        0x2 Drivers/STM32F4xx_HAL_Driver/stm32f4xx_hal_uart.o
                0x08002698                HAL_UART_ErrorCallback
 *fill*         0x0800269a        0x2 
 .text.HAL_UART_IRQHandler
                0x0800269c      0x120 Drivers/STM32F4xx_HAL_Driver/stm32f4xx_hal_uart.o
                0x0800269c                HAL_UART_IRQHandler
 .text.UART_DMAAbortOnError
                0x080027bc       0x10 Drivers/STM32F4xx_HAL_Driver/stm32f4xx_hal_uart.o
 .text.GSM_send
                0x080027cc       0xb8 GSM/GSM.o
                0x080027cc                GSM_send
 .text.GSM_rec_set
                0x08002884       0x6c GSM/GSM.o
                0x08002884                GSM_rec_set
 .text.save_mess
                0x080028f0       0x50 GSM/GSM.o
                0x080028f0                save_mess
 .text.numer_sprawdzenie
                0x08002940       0x64 GSM/GSM.o
                0x08002940                numer_sprawdzenie
 .text.GSM_rec_check
                0x080029a4       0xa0 GSM/GSM.o
                0x080029a4                GSM_rec_check
 .text.disk_status
                0x08002a44       0x18 Middlewares/FatFs/diskio.o
                0x08002a44                disk_status
 .text.disk_initialize
                0x08002a5c       0x28 Middlewares/FatFs/diskio.o
                0x08002a5c                disk_initialize
 .text.disk_read
                0x08002a84       0x18 Middlewares/FatFs/diskio.o
                0x08002a84                disk_read
 .text.disk_write
                0x08002a9c       0x18 Middlewares/FatFs/diskio.o
                0x08002a9c                disk_write
 .text.disk_ioctl
                0x08002ab4       0x18 Middlewares/FatFs/diskio.o
                0x08002ab4                disk_ioctl
 .text.ld_word  0x08002acc        0xa Middlewares/FatFs/ff.o
 .text.ld_dword
                0x08002ad6       0x16 Middlewares/FatFs/ff.o
 .text.st_word  0x08002aec        0x8 Middlewares/FatFs/ff.o
 .text.st_dword
                0x08002af4       0x14 Middlewares/FatFs/ff.o
 .text.mem_cpy  0x08002b08       0x12 Middlewares/FatFs/ff.o
 .text.mem_set  0x08002b1a        0xa Middlewares/FatFs/ff.o
 .text.mem_cmp  0x08002b24       0x1e Middlewares/FatFs/ff.o
 .text.chk_chr  0x08002b42       0x10 Middlewares/FatFs/ff.o
 *fill*         0x08002b52        0x2 
 .text.chk_lock
                0x08002b54       0x74 Middlewares/FatFs/ff.o
 .text.enq_lock
                0x08002bc8       0x20 Middlewares/FatFs/ff.o
 .text.inc_lock
                0x08002be8       0xa4 Middlewares/FatFs/ff.o
 .text.clear_lock
                0x08002c8c       0x3c Middlewares/FatFs/ff.o
 .text.clust2sect
                0x08002cc8       0x18 Middlewares/FatFs/ff.o
 .text.clmt_clust
                0x08002ce0       0x22 Middlewares/FatFs/ff.o
 .text.ld_clust
                0x08002d02       0x26 Middlewares/FatFs/ff.o
 .text.st_clust
                0x08002d28       0x26 Middlewares/FatFs/ff.o
 *fill*         0x08002d4e        0x2 
 .text.create_name
                0x08002d50       0xcc Middlewares/FatFs/ff.o
 .text.get_ldnumber
                0x08002e1c       0x54 Middlewares/FatFs/ff.o
 .text.putc_init
                0x08002e70        0xa Middlewares/FatFs/ff.o
 .text.validate
                0x08002e7a       0x34 Middlewares/FatFs/ff.o
 .text.sync_window
                0x08002eae       0x54 Middlewares/FatFs/ff.o
 .text.move_window
                0x08002f02       0x34 Middlewares/FatFs/ff.o
 *fill*         0x08002f36        0x2 
 .text.check_fs
                0x08002f38       0x7c Middlewares/FatFs/ff.o
 .text.find_volume
                0x08002fb4      0x304 Middlewares/FatFs/ff.o
 .text.put_fat  0x080032b8      0x10a Middlewares/FatFs/ff.o
 .text.get_fat  0x080033c2       0xd0 Middlewares/FatFs/ff.o
 .text.dir_sdi  0x08003492       0xa2 Middlewares/FatFs/ff.o
 .text.create_chain
                0x08003534       0xc4 Middlewares/FatFs/ff.o
 .text.remove_chain
                0x080035f8       0x88 Middlewares/FatFs/ff.o
 .text.dir_next
                0x08003680      0x10c Middlewares/FatFs/ff.o
 .text.dir_find
                0x0800378c       0x5a Middlewares/FatFs/ff.o
 .text.follow_path
                0x080037e6       0x8c Middlewares/FatFs/ff.o
 .text.dir_alloc
                0x08003872       0x50 Middlewares/FatFs/ff.o
 .text.dir_register
                0x080038c2       0x3e Middlewares/FatFs/ff.o
 .text.sync_fs  0x08003900       0x8c Middlewares/FatFs/ff.o
 .text.f_mount  0x0800398c       0x64 Middlewares/FatFs/ff.o
                0x0800398c                f_mount
 .text.f_open   0x080039f0      0x228 Middlewares/FatFs/ff.o
                0x080039f0                f_open
 .text.f_write  0x08003c18      0x1c6 Middlewares/FatFs/ff.o
                0x08003c18                f_write
 .text.putc_bfd
                0x08003dde       0x4e Middlewares/FatFs/ff.o
 .text.putc_flush
                0x08003e2c       0x3a Middlewares/FatFs/ff.o
 .text.f_sync   0x08003e66       0xa0 Middlewares/FatFs/ff.o
                0x08003e66                f_sync
 .text.f_lseek  0x08003f06      0x2aa Middlewares/FatFs/ff.o
                0x08003f06                f_lseek
 .text.f_puts   0x080041b0       0x26 Middlewares/FatFs/ff.o
                0x080041b0                f_puts
 *fill*         0x080041d6        0x2 
 .text.FATFS_LinkDriverEx
                0x080041d8       0x48 Middlewares/FatFs/ff_gen_drv.o
                0x080041d8                FATFS_LinkDriverEx
 .text.FATFS_LinkDriver
                0x08004220        0xa Middlewares/FatFs/ff_gen_drv.o
                0x08004220                FATFS_LinkDriver
 *fill*         0x0800422a        0x2 
 .text.xchg_spi
                0x0800422c       0x2c SPI_Card/user_diskio_spi.o
 .text.wait_ready
                0x08004258       0x2a SPI_Card/user_diskio_spi.o
 .text.rcvr_spi_multi
                0x08004282       0x1a SPI_Card/user_diskio_spi.o
 .text.xmit_spi_multi
                0x0800429c       0x18 SPI_Card/user_diskio_spi.o
 .text.xmit_datablock
                0x080042b4       0x50 SPI_Card/user_diskio_spi.o
 .text.despiselect
                0x08004304       0x18 SPI_Card/user_diskio_spi.o
 .text.spiselect
                0x0800431c       0x30 SPI_Card/user_diskio_spi.o
 .text.send_cmd
                0x0800434c       0x8c SPI_Card/user_diskio_spi.o
 .text.SPI_Timer_On
                0x080043d8       0x1c SPI_Card/user_diskio_spi.o
                0x080043d8                SPI_Timer_On
 .text.SPI_Timer_Status
                0x080043f4       0x24 SPI_Card/user_diskio_spi.o
                0x080043f4                SPI_Timer_Status
 .text.rcvr_datablock
                0x08004418       0x40 SPI_Card/user_diskio_spi.o
 .text.USER_SPI_initialize
                0x08004458      0x158 SPI_Card/user_diskio_spi.o
                0x08004458                USER_SPI_initialize
 .text.USER_SPI_status
                0x080045b0       0x14 SPI_Card/user_diskio_spi.o
                0x080045b0                USER_SPI_status
 .text.USER_SPI_read
                0x080045c4       0x8c SPI_Card/user_diskio_spi.o
                0x080045c4                USER_SPI_read
 .text.USER_SPI_write
                0x08004650       0xb0 SPI_Card/user_diskio_spi.o
                0x08004650                USER_SPI_write
 .text.USER_SPI_ioctl
                0x08004700      0x224 SPI_Card/user_diskio_spi.o
                0x08004700                USER_SPI_ioctl
 .text.send_google
                0x08004924      0x11c Zone/zone.o
                0x08004924                send_google
 .text.StrefaSzerokosc
                0x08004a40       0x60 Zone/zone.o
                0x08004a40                StrefaSzerokosc
 .text.DlugoscSzerokosc
                0x08004aa0       0x62 Zone/zone.o
                0x08004aa0                DlugoscSzerokosc
 *fill*         0x08004b02        0x2 
 .text.__errno  0x08004b04        0xc d:/ac6/systemworkbench/plugins/fr.ac6.mcu.externaltools.arm-none.win32_1.16.0.201807130628/tools/compiler/bin/../lib/gcc/arm-none-eabi/7.2.1/../../../../arm-none-eabi/lib/thumb/v7e-m/fpv4-sp/hard\libc_nano.a(lib_a-errno.o)
                0x08004b04                __errno
 .text.__libc_init_array
                0x08004b10       0x48 d:/ac6/systemworkbench/plugins/fr.ac6.mcu.externaltools.arm-none.win32_1.16.0.201807130628/tools/compiler/bin/../lib/gcc/arm-none-eabi/7.2.1/../../../../arm-none-eabi/lib/thumb/v7e-m/fpv4-sp/hard\libc_nano.a(lib_a-init.o)
                0x08004b10                __libc_init_array
 .text.malloc   0x08004b58       0x10 d:/ac6/systemworkbench/plugins/fr.ac6.mcu.externaltools.arm-none.win32_1.16.0.201807130628/tools/compiler/bin/../lib/gcc/arm-none-eabi/7.2.1/../../../../arm-none-eabi/lib/thumb/v7e-m/fpv4-sp/hard\libc_nano.a(lib_a-malloc.o)
                0x08004b58                malloc
 .text.memset   0x08004b68       0x10 d:/ac6/systemworkbench/plugins/fr.ac6.mcu.externaltools.arm-none.win32_1.16.0.201807130628/tools/compiler/bin/../lib/gcc/arm-none-eabi/7.2.1/../../../../arm-none-eabi/lib/thumb/v7e-m/fpv4-sp/hard\libc_nano.a(lib_a-memset.o)
                0x08004b68                memset
 .text._free_r  0x08004b78       0x9c d:/ac6/systemworkbench/plugins/fr.ac6.mcu.externaltools.arm-none.win32_1.16.0.201807130628/tools/compiler/bin/../lib/gcc/arm-none-eabi/7.2.1/../../../../arm-none-eabi/lib/thumb/v7e-m/fpv4-sp/hard\libc_nano.a(lib_a-nano-freer.o)
                0x08004b78                _free_r
 .text._malloc_r
                0x08004c14       0xb4 d:/ac6/systemworkbench/plugins/fr.ac6.mcu.externaltools.arm-none.win32_1.16.0.201807130628/tools/compiler/bin/../lib/gcc/arm-none-eabi/7.2.1/../../../../arm-none-eabi/lib/thumb/v7e-m/fpv4-sp/hard\libc_nano.a(lib_a-nano-mallocr.o)
                0x08004c14                _malloc_r
 .text.printf   0x08004cc8       0x30 d:/ac6/systemworkbench/plugins/fr.ac6.mcu.externaltools.arm-none.win32_1.16.0.201807130628/tools/compiler/bin/../lib/gcc/arm-none-eabi/7.2.1/../../../../arm-none-eabi/lib/thumb/v7e-m/fpv4-sp/hard\libc_nano.a(lib_a-printf.o)
                0x08004cc8                iprintf
                0x08004cc8                printf
 .text._sbrk_r  0x08004cf8       0x20 d:/ac6/systemworkbench/plugins/fr.ac6.mcu.externaltools.arm-none.win32_1.16.0.201807130628/tools/compiler/bin/../lib/gcc/arm-none-eabi/7.2.1/../../../../arm-none-eabi/lib/thumb/v7e-m/fpv4-sp/hard\libc_nano.a(lib_a-sbrkr.o)
                0x08004cf8                _sbrk_r
 .text.strcat   0x08004d18       0x1e d:/ac6/systemworkbench/plugins/fr.ac6.mcu.externaltools.arm-none.win32_1.16.0.201807130628/tools/compiler/bin/../lib/gcc/arm-none-eabi/7.2.1/../../../../arm-none-eabi/lib/thumb/v7e-m/fpv4-sp/hard\libc_nano.a(lib_a-strcat.o)
                0x08004d18                strcat
 *fill*         0x08004d36        0x2 
 .text.std      0x08004d38       0x48 d:/ac6/systemworkbench/plugins/fr.ac6.mcu.externaltools.arm-none.win32_1.16.0.201807130628/tools/compiler/bin/../lib/gcc/arm-none-eabi/7.2.1/../../../../arm-none-eabi/lib/thumb/v7e-m/fpv4-sp/hard\libc_nano.a(lib_a-findfp.o)
 .text._cleanup_r
                0x08004d80        0xc d:/ac6/systemworkbench/plugins/fr.ac6.mcu.externaltools.arm-none.win32_1.16.0.201807130628/tools/compiler/bin/../lib/gcc/arm-none-eabi/7.2.1/../../../../arm-none-eabi/lib/thumb/v7e-m/fpv4-sp/hard\libc_nano.a(lib_a-findfp.o)
                0x08004d80                _cleanup_r
 .text.__sfmoreglue
                0x08004d8c       0x2c d:/ac6/systemworkbench/plugins/fr.ac6.mcu.externaltools.arm-none.win32_1.16.0.201807130628/tools/compiler/bin/../lib/gcc/arm-none-eabi/7.2.1/../../../../arm-none-eabi/lib/thumb/v7e-m/fpv4-sp/hard\libc_nano.a(lib_a-findfp.o)
                0x08004d8c                __sfmoreglue
 .text.__sinit  0x08004db8       0x60 d:/ac6/systemworkbench/plugins/fr.ac6.mcu.externaltools.arm-none.win32_1.16.0.201807130628/tools/compiler/bin/../lib/gcc/arm-none-eabi/7.2.1/../../../../arm-none-eabi/lib/thumb/v7e-m/fpv4-sp/hard\libc_nano.a(lib_a-findfp.o)
                0x08004db8                __sinit
 .text.__sfp    0x08004e18       0x78 d:/ac6/systemworkbench/plugins/fr.ac6.mcu.externaltools.arm-none.win32_1.16.0.201807130628/tools/compiler/bin/../lib/gcc/arm-none-eabi/7.2.1/../../../../arm-none-eabi/lib/thumb/v7e-m/fpv4-sp/hard\libc_nano.a(lib_a-findfp.o)
                0x08004e18                __sfp
 .text._fwalk_reent
                0x08004e90       0x3c d:/ac6/systemworkbench/plugins/fr.ac6.mcu.externaltools.arm-none.win32_1.16.0.201807130628/tools/compiler/bin/../lib/gcc/arm-none-eabi/7.2.1/../../../../arm-none-eabi/lib/thumb/v7e-m/fpv4-sp/hard\libc_nano.a(lib_a-fwalk.o)
                0x08004e90                _fwalk_reent
 .text.__malloc_lock
                0x08004ecc        0x2 d:/ac6/systemworkbench/plugins/fr.ac6.mcu.externaltools.arm-none.win32_1.16.0.201807130628/tools/compiler/bin/../lib/gcc/arm-none-eabi/7.2.1/../../../../arm-none-eabi/lib/thumb/v7e-m/fpv4-sp/hard\libc_nano.a(lib_a-mlock.o)
                0x08004ecc                __malloc_lock
 .text.__malloc_unlock
                0x08004ece        0x2 d:/ac6/systemworkbench/plugins/fr.ac6.mcu.externaltools.arm-none.win32_1.16.0.201807130628/tools/compiler/bin/../lib/gcc/arm-none-eabi/7.2.1/../../../../arm-none-eabi/lib/thumb/v7e-m/fpv4-sp/hard\libc_nano.a(lib_a-mlock.o)
                0x08004ece                __malloc_unlock
 .text.__sfputc_r
                0x08004ed0       0x2e d:/ac6/systemworkbench/plugins/fr.ac6.mcu.externaltools.arm-none.win32_1.16.0.201807130628/tools/compiler/bin/../lib/gcc/arm-none-eabi/7.2.1/../../../../arm-none-eabi/lib/thumb/v7e-m/fpv4-sp/hard\libc_nano.a(lib_a-nano-vfprintf.o)
 .text.__sfputs_r
                0x08004efe       0x24 d:/ac6/systemworkbench/plugins/fr.ac6.mcu.externaltools.arm-none.win32_1.16.0.201807130628/tools/compiler/bin/../lib/gcc/arm-none-eabi/7.2.1/../../../../arm-none-eabi/lib/thumb/v7e-m/fpv4-sp/hard\libc_nano.a(lib_a-nano-vfprintf.o)
                0x08004efe                __sfputs_r
 *fill*         0x08004f22        0x2 
 .text._vfprintf_r
                0x08004f24      0x228 d:/ac6/systemworkbench/plugins/fr.ac6.mcu.externaltools.arm-none.win32_1.16.0.201807130628/tools/compiler/bin/../lib/gcc/arm-none-eabi/7.2.1/../../../../arm-none-eabi/lib/thumb/v7e-m/fpv4-sp/hard\libc_nano.a(lib_a-nano-vfprintf.o)
                0x08004f24                _vfprintf_r
                0x08004f24                _vfiprintf_r
 .text._printf_common
                0x0800514c       0xea d:/ac6/systemworkbench/plugins/fr.ac6.mcu.externaltools.arm-none.win32_1.16.0.201807130628/tools/compiler/bin/../lib/gcc/arm-none-eabi/7.2.1/../../../../arm-none-eabi/lib/thumb/v7e-m/fpv4-sp/hard\libc_nano.a(lib_a-nano-vfprintf_i.o)
                0x0800514c                _printf_common
 *fill*         0x08005236        0x2 
 .text._printf_i
                0x08005238      0x224 d:/ac6/systemworkbench/plugins/fr.ac6.mcu.externaltools.arm-none.win32_1.16.0.201807130628/tools/compiler/bin/../lib/gcc/arm-none-eabi/7.2.1/../../../../arm-none-eabi/lib/thumb/v7e-m/fpv4-sp/hard\libc_nano.a(lib_a-nano-vfprintf_i.o)
                0x08005238                _printf_i
 .text.__sread  0x0800545c       0x22 d:/ac6/systemworkbench/plugins/fr.ac6.mcu.externaltools.arm-none.win32_1.16.0.201807130628/tools/compiler/bin/../lib/gcc/arm-none-eabi/7.2.1/../../../../arm-none-eabi/lib/thumb/v7e-m/fpv4-sp/hard\libc_nano.a(lib_a-stdio.o)
                0x0800545c                __sread
 .text.__swrite
                0x0800547e       0x38 d:/ac6/systemworkbench/plugins/fr.ac6.mcu.externaltools.arm-none.win32_1.16.0.201807130628/tools/compiler/bin/../lib/gcc/arm-none-eabi/7.2.1/../../../../arm-none-eabi/lib/thumb/v7e-m/fpv4-sp/hard\libc_nano.a(lib_a-stdio.o)
                0x0800547e                __swrite
 .text.__sseek  0x080054b6       0x24 d:/ac6/systemworkbench/plugins/fr.ac6.mcu.externaltools.arm-none.win32_1.16.0.201807130628/tools/compiler/bin/../lib/gcc/arm-none-eabi/7.2.1/../../../../arm-none-eabi/lib/thumb/v7e-m/fpv4-sp/hard\libc_nano.a(lib_a-stdio.o)
                0x080054b6                __sseek
 .text.__sclose
                0x080054da        0x8 d:/ac6/systemworkbench/plugins/fr.ac6.mcu.externaltools.arm-none.win32_1.16.0.201807130628/tools/compiler/bin/../lib/gcc/arm-none-eabi/7.2.1/../../../../arm-none-eabi/lib/thumb/v7e-m/fpv4-sp/hard\libc_nano.a(lib_a-stdio.o)
                0x080054da                __sclose
 *fill*         0x080054e2        0x2 
 .text.__swbuf_r
                0x080054e4       0xa4 d:/ac6/systemworkbench/plugins/fr.ac6.mcu.externaltools.arm-none.win32_1.16.0.201807130628/tools/compiler/bin/../lib/gcc/arm-none-eabi/7.2.1/../../../../arm-none-eabi/lib/thumb/v7e-m/fpv4-sp/hard\libc_nano.a(lib_a-wbuf.o)
                0x080054e4                __swbuf_r
 .text._write_r
                0x08005588       0x24 d:/ac6/systemworkbench/plugins/fr.ac6.mcu.externaltools.arm-none.win32_1.16.0.201807130628/tools/compiler/bin/../lib/gcc/arm-none-eabi/7.2.1/../../../../arm-none-eabi/lib/thumb/v7e-m/fpv4-sp/hard\libc_nano.a(lib_a-writer.o)
                0x08005588                _write_r
 .text.__swsetup_r
                0x080055ac       0xdc d:/ac6/systemworkbench/plugins/fr.ac6.mcu.externaltools.arm-none.win32_1.16.0.201807130628/tools/compiler/bin/../lib/gcc/arm-none-eabi/7.2.1/../../../../arm-none-eabi/lib/thumb/v7e-m/fpv4-sp/hard\libc_nano.a(lib_a-wsetup.o)
                0x080055ac                __swsetup_r
 .text._close_r
                0x08005688       0x20 d:/ac6/systemworkbench/plugins/fr.ac6.mcu.externaltools.arm-none.win32_1.16.0.201807130628/tools/compiler/bin/../lib/gcc/arm-none-eabi/7.2.1/../../../../arm-none-eabi/lib/thumb/v7e-m/fpv4-sp/hard\libc_nano.a(lib_a-closer.o)
                0x08005688                _close_r
 .text.__sflush_r
                0x080056a8      0x10c d:/ac6/systemworkbench/plugins/fr.ac6.mcu.externaltools.arm-none.win32_1.16.0.201807130628/tools/compiler/bin/../lib/gcc/arm-none-eabi/7.2.1/../../../../arm-none-eabi/lib/thumb/v7e-m/fpv4-sp/hard\libc_nano.a(lib_a-fflush.o)
                0x080056a8                __sflush_r
 .text._fflush_r
                0x080057b4       0x54 d:/ac6/systemworkbench/plugins/fr.ac6.mcu.externaltools.arm-none.win32_1.16.0.201807130628/tools/compiler/bin/../lib/gcc/arm-none-eabi/7.2.1/../../../../arm-none-eabi/lib/thumb/v7e-m/fpv4-sp/hard\libc_nano.a(lib_a-fflush.o)
                0x080057b4                _fflush_r
 .text._lseek_r
                0x08005808       0x24 d:/ac6/systemworkbench/plugins/fr.ac6.mcu.externaltools.arm-none.win32_1.16.0.201807130628/tools/compiler/bin/../lib/gcc/arm-none-eabi/7.2.1/../../../../arm-none-eabi/lib/thumb/v7e-m/fpv4-sp/hard\libc_nano.a(lib_a-lseekr.o)
                0x08005808                _lseek_r
 .text.__swhatbuf_r
                0x0800582c       0x48 d:/ac6/systemworkbench/plugins/fr.ac6.mcu.externaltools.arm-none.win32_1.16.0.201807130628/tools/compiler/bin/../lib/gcc/arm-none-eabi/7.2.1/../../../../arm-none-eabi/lib/thumb/v7e-m/fpv4-sp/hard\libc_nano.a(lib_a-makebuf.o)
                0x0800582c                __swhatbuf_r
 .text.__smakebuf_r
                0x08005874       0x80 d:/ac6/systemworkbench/plugins/fr.ac6.mcu.externaltools.arm-none.win32_1.16.0.201807130628/tools/compiler/bin/../lib/gcc/arm-none-eabi/7.2.1/../../../../arm-none-eabi/lib/thumb/v7e-m/fpv4-sp/hard\libc_nano.a(lib_a-makebuf.o)
                0x08005874                __smakebuf_r
 .text._read_r  0x080058f4       0x24 d:/ac6/systemworkbench/plugins/fr.ac6.mcu.externaltools.arm-none.win32_1.16.0.201807130628/tools/compiler/bin/../lib/gcc/arm-none-eabi/7.2.1/../../../../arm-none-eabi/lib/thumb/v7e-m/fpv4-sp/hard\libc_nano.a(lib_a-readr.o)
                0x080058f4                _read_r
 .text._fstat_r
                0x08005918       0x24 d:/ac6/systemworkbench/plugins/fr.ac6.mcu.externaltools.arm-none.win32_1.16.0.201807130628/tools/compiler/bin/../lib/gcc/arm-none-eabi/7.2.1/../../../../arm-none-eabi/lib/thumb/v7e-m/fpv4-sp/hard\libc_nano.a(lib_a-fstatr.o)
                0x08005918                _fstat_r
 .text._isatty_r
                0x0800593c       0x20 d:/ac6/systemworkbench/plugins/fr.ac6.mcu.externaltools.arm-none.win32_1.16.0.201807130628/tools/compiler/bin/../lib/gcc/arm-none-eabi/7.2.1/../../../../arm-none-eabi/lib/thumb/v7e-m/fpv4-sp/hard\libc_nano.a(lib_a-isattyr.o)
                0x0800593c                _isatty_r
 *(.glue_7)
 .glue_7        0x0800595c        0x0 linker stubs
 *(.glue_7t)
 .glue_7t       0x0800595c        0x0 linker stubs
 *(.eh_frame)
 .eh_frame      0x0800595c        0x0 d:/ac6/systemworkbench/plugins/fr.ac6.mcu.externaltools.arm-none.win32_1.16.0.201807130628/tools/compiler/bin/../lib/gcc/arm-none-eabi/7.2.1/thumb/v7e-m/fpv4-sp/hard/crtbegin.o
 *(.init)
 .init          0x0800595c        0x4 d:/ac6/systemworkbench/plugins/fr.ac6.mcu.externaltools.arm-none.win32_1.16.0.201807130628/tools/compiler/bin/../lib/gcc/arm-none-eabi/7.2.1/thumb/v7e-m/fpv4-sp/hard/crti.o
                0x0800595c                _init
 .init          0x08005960        0x8 d:/ac6/systemworkbench/plugins/fr.ac6.mcu.externaltools.arm-none.win32_1.16.0.201807130628/tools/compiler/bin/../lib/gcc/arm-none-eabi/7.2.1/thumb/v7e-m/fpv4-sp/hard/crtn.o
 *(.fini)
 .fini          0x08005968        0x4 d:/ac6/systemworkbench/plugins/fr.ac6.mcu.externaltools.arm-none.win32_1.16.0.201807130628/tools/compiler/bin/../lib/gcc/arm-none-eabi/7.2.1/thumb/v7e-m/fpv4-sp/hard/crti.o
                0x08005968                _fini
 .fini          0x0800596c        0x8 d:/ac6/systemworkbench/plugins/fr.ac6.mcu.externaltools.arm-none.win32_1.16.0.201807130628/tools/compiler/bin/../lib/gcc/arm-none-eabi/7.2.1/thumb/v7e-m/fpv4-sp/hard/crtn.o
                0x08005974                . = ALIGN (0x4)
                0x08005974                _etext = .

.vfp11_veneer   0x08005974        0x0
 .vfp11_veneer  0x08005974        0x0 linker stubs

.v4_bx          0x08005974        0x0
 .v4_bx         0x08005974        0x0 linker stubs

.iplt           0x08005974        0x0
 .iplt          0x08005974        0x0 d:/ac6/systemworkbench/plugins/fr.ac6.mcu.externaltools.arm-none.win32_1.16.0.201807130628/tools/compiler/bin/../lib/gcc/arm-none-eabi/7.2.1/thumb/v7e-m/fpv4-sp/hard/crtbegin.o

.rodata         0x08005974      0x2b0
                0x08005974                . = ALIGN (0x4)
 *(.rodata)
 .rodata        0x08005974       0x18 Drivers/CMSIS/system_stm32f4xx.o
                0x08005974                AHBPrescTable
                0x08005984                APBPrescTable
 .rodata        0x0800598c       0x9e Middlewares/FatFs/ff.o
 *(.rodata*)
 *fill*         0x08005a2a        0x2 
 .rodata.str1.4
                0x08005a2c       0x75 Application/User/main.o
                                 0x79 (size before relaxing)
 *fill*         0x08005aa1        0x3 
 .rodata.str1.4
                0x08005aa4       0x68 GSM/GSM.o
                                 0x78 (size before relaxing)
 .rodata.str1.4
                0x08005b0c       0x44 Middlewares/FatFs/ff.o
 .rodata.str1.4
                0x08005b50       0x3c Zone/zone.o
                                 0x3b (size before relaxing)
 .rodata._global_impure_ptr
                0x08005b8c        0x4 d:/ac6/systemworkbench/plugins/fr.ac6.mcu.externaltools.arm-none.win32_1.16.0.201807130628/tools/compiler/bin/../lib/gcc/arm-none-eabi/7.2.1/../../../../arm-none-eabi/lib/thumb/v7e-m/fpv4-sp/hard\libc_nano.a(lib_a-impure.o)
                0x08005b8c                _global_impure_ptr
 .rodata.__sf_fake_stderr
                0x08005b90       0x20 d:/ac6/systemworkbench/plugins/fr.ac6.mcu.externaltools.arm-none.win32_1.16.0.201807130628/tools/compiler/bin/../lib/gcc/arm-none-eabi/7.2.1/../../../../arm-none-eabi/lib/thumb/v7e-m/fpv4-sp/hard\libc_nano.a(lib_a-findfp.o)
                0x08005b90                __sf_fake_stderr
 .rodata.__sf_fake_stdin
                0x08005bb0       0x20 d:/ac6/systemworkbench/plugins/fr.ac6.mcu.externaltools.arm-none.win32_1.16.0.201807130628/tools/compiler/bin/../lib/gcc/arm-none-eabi/7.2.1/../../../../arm-none-eabi/lib/thumb/v7e-m/fpv4-sp/hard\libc_nano.a(lib_a-findfp.o)
                0x08005bb0                __sf_fake_stdin
 .rodata.__sf_fake_stdout
                0x08005bd0       0x20 d:/ac6/systemworkbench/plugins/fr.ac6.mcu.externaltools.arm-none.win32_1.16.0.201807130628/tools/compiler/bin/../lib/gcc/arm-none-eabi/7.2.1/../../../../arm-none-eabi/lib/thumb/v7e-m/fpv4-sp/hard\libc_nano.a(lib_a-findfp.o)
                0x08005bd0                __sf_fake_stdout
 .rodata._vfprintf_r.str1.1
                0x08005bf0       0x11 d:/ac6/systemworkbench/plugins/fr.ac6.mcu.externaltools.arm-none.win32_1.16.0.201807130628/tools/compiler/bin/../lib/gcc/arm-none-eabi/7.2.1/../../../../arm-none-eabi/lib/thumb/v7e-m/fpv4-sp/hard\libc_nano.a(lib_a-nano-vfprintf.o)
 .rodata._printf_i.str1.1
                0x08005c01       0x22 d:/ac6/systemworkbench/plugins/fr.ac6.mcu.externaltools.arm-none.win32_1.16.0.201807130628/tools/compiler/bin/../lib/gcc/arm-none-eabi/7.2.1/../../../../arm-none-eabi/lib/thumb/v7e-m/fpv4-sp/hard\libc_nano.a(lib_a-nano-vfprintf_i.o)
                0x08005c24                . = ALIGN (0x4)
 *fill*         0x08005c23        0x1 

.ARM.extab
 *(.ARM.extab* .gnu.linkonce.armextab.*)

.ARM            0x08005c24        0x8
                0x08005c24                __exidx_start = .
 *(.ARM.exidx*)
 .ARM.exidx     0x08005c24        0x8 d:/ac6/systemworkbench/plugins/fr.ac6.mcu.externaltools.arm-none.win32_1.16.0.201807130628/tools/compiler/bin/../lib/gcc/arm-none-eabi/7.2.1/thumb/v7e-m/fpv4-sp/hard\libgcc.a(_udivmoddi4.o)
                0x08005c2c                __exidx_end = .

.rel.dyn        0x08005c2c        0x0
 .rel.iplt      0x08005c2c        0x0 d:/ac6/systemworkbench/plugins/fr.ac6.mcu.externaltools.arm-none.win32_1.16.0.201807130628/tools/compiler/bin/../lib/gcc/arm-none-eabi/7.2.1/thumb/v7e-m/fpv4-sp/hard/crtbegin.o

.preinit_array  0x08005c2c        0x0
                0x08005c2c                PROVIDE (__preinit_array_start, .)
 *(.preinit_array*)
                0x08005c2c                PROVIDE (__preinit_array_end, .)

.init_array     0x08005c2c        0x4
                0x08005c2c                PROVIDE (__init_array_start, .)
 *(SORT_BY_NAME(.init_array.*))
 *(.init_array*)
 .init_array    0x08005c2c        0x4 d:/ac6/systemworkbench/plugins/fr.ac6.mcu.externaltools.arm-none.win32_1.16.0.201807130628/tools/compiler/bin/../lib/gcc/arm-none-eabi/7.2.1/thumb/v7e-m/fpv4-sp/hard/crtbegin.o
                0x08005c30                PROVIDE (__init_array_end, .)

.fini_array     0x08005c30        0x4
                [!provide]                PROVIDE (__fini_array_start, .)
 *(SORT_BY_NAME(.fini_array.*))
 *(.fini_array*)
 .fini_array    0x08005c30        0x4 d:/ac6/systemworkbench/plugins/fr.ac6.mcu.externaltools.arm-none.win32_1.16.0.201807130628/tools/compiler/bin/../lib/gcc/arm-none-eabi/7.2.1/thumb/v7e-m/fpv4-sp/hard/crtbegin.o
                [!provide]                PROVIDE (__fini_array_end, .)
                0x08005c34                _sidata = LOADADDR (.data)

.data           0x20000000       0x9c load address 0x08005c34
                0x20000000                . = ALIGN (0x4)
                0x20000000                _sdata = .
 *(.data)
 .data          0x20000000       0x10 Application/User/main.o
                0x20000000                Szer_Dolna_Granica
                0x20000004                Szer_Gorna_Granica
                0x20000008                Dl_lewo_Granica
                0x2000000c                Dl_prawo_Granica
 .data          0x20000010       0x15 Application/User/user_diskio.o
                0x20000010                USER_Driver
 *fill*         0x20000025        0x3 
 .data          0x20000028        0x4 Drivers/CMSIS/system_stm32f4xx.o
                0x20000028                SystemCoreClock
 .data          0x2000002c        0x8 Drivers/STM32F4xx_HAL_Driver/stm32f4xx_hal.o
                0x2000002c                uwTickFreq
                0x20000030                uwTickPrio
 .data          0x20000034        0x1 SPI_Card/user_diskio_spi.o
 *(.data*)
 *fill*         0x20000035        0x3 
 .data._impure_ptr
                0x20000038        0x4 d:/ac6/systemworkbench/plugins/fr.ac6.mcu.externaltools.arm-none.win32_1.16.0.201807130628/tools/compiler/bin/../lib/gcc/arm-none-eabi/7.2.1/../../../../arm-none-eabi/lib/thumb/v7e-m/fpv4-sp/hard\libc_nano.a(lib_a-impure.o)
                0x20000038                _impure_ptr
 .data.impure_data
                0x2000003c       0x60 d:/ac6/systemworkbench/plugins/fr.ac6.mcu.externaltools.arm-none.win32_1.16.0.201807130628/tools/compiler/bin/../lib/gcc/arm-none-eabi/7.2.1/../../../../arm-none-eabi/lib/thumb/v7e-m/fpv4-sp/hard\libc_nano.a(lib_a-impure.o)
                0x2000009c                . = ALIGN (0x4)
                0x2000009c                _edata = .

.igot.plt       0x2000009c        0x0 load address 0x08005cd0
 .igot.plt      0x2000009c        0x0 d:/ac6/systemworkbench/plugins/fr.ac6.mcu.externaltools.arm-none.win32_1.16.0.201807130628/tools/compiler/bin/../lib/gcc/arm-none-eabi/7.2.1/thumb/v7e-m/fpv4-sp/hard/crtbegin.o
                0x2000009c                . = ALIGN (0x4)

.bss            0x2000009c      0xbe4 load address 0x08005cd0
                0x2000009c                _sbss = .
                0x2000009c                __bss_start__ = _sbss
 *(.bss)
 .bss           0x2000009c       0x1c d:/ac6/systemworkbench/plugins/fr.ac6.mcu.externaltools.arm-none.win32_1.16.0.201807130628/tools/compiler/bin/../lib/gcc/arm-none-eabi/7.2.1/thumb/v7e-m/fpv4-sp/hard/crtbegin.o
 .bss           0x200000b8        0x8 Application/SW4STM32/syscalls.o
                0x200000bc                __env
 .bss           0x200000c0       0x26 Middlewares/FatFs/ff.o
 *fill*         0x200000e6        0x2 
 .bss           0x200000e8        0xc Middlewares/FatFs/ff_gen_drv.o
                0x200000e8                disk
 .bss           0x200000f4        0x1 SPI_Card/user_diskio_spi.o
 *(.bss*)
 *fill*         0x200000f5        0x3 
 .bss.__malloc_free_list
                0x200000f8        0x4 d:/ac6/systemworkbench/plugins/fr.ac6.mcu.externaltools.arm-none.win32_1.16.0.201807130628/tools/compiler/bin/../lib/gcc/arm-none-eabi/7.2.1/../../../../arm-none-eabi/lib/thumb/v7e-m/fpv4-sp/hard\libc_nano.a(lib_a-nano-mallocr.o)
                0x200000f8                __malloc_free_list
 .bss.__malloc_sbrk_start
                0x200000fc        0x4 d:/ac6/systemworkbench/plugins/fr.ac6.mcu.externaltools.arm-none.win32_1.16.0.201807130628/tools/compiler/bin/../lib/gcc/arm-none-eabi/7.2.1/../../../../arm-none-eabi/lib/thumb/v7e-m/fpv4-sp/hard\libc_nano.a(lib_a-nano-mallocr.o)
                0x200000fc                __malloc_sbrk_start
 *(COMMON)
 COMMON         0x20000100      0x468 Application/User/fatfs.o
                0x20000100                USERPath
                0x20000104                retUSER
                0x20000108                USERFile
                0x20000338                USERFatFS
 COMMON         0x20000568      0x604 Application/User/main.o
                0x20000568                GPS_Check
                0x2000056c                GPS_Rec
                0x200005b0                FatFs
                0x200007e0                htim10
                0x2000081c                GPS_Rec_2
                0x20000820                huart1
                0x20000860                huart6
                0x200008a0                fresult
                0x200008a4                hspi1
                0x200008fc                huart2
                0x2000093c                fil
 COMMON         0x20000b6c        0x4 Drivers/STM32F4xx_HAL_Driver/stm32f4xx_hal.o
                0x20000b6c                uwTick
 COMMON         0x20000b70      0x102 GSM/GSM.o
                0x20000b70                GSM_Rx
                0x20000b71                GSM_Tx
                0x20000b74                GSM_Buff
 *fill*         0x20000c72        0x2 
 COMMON         0x20000c74        0x8 SPI_Card/user_diskio_spi.o
                0x20000c74                spiTimerTickStart
                0x20000c78                spiTimerTickDelay
 COMMON         0x20000c7c        0x4 d:/ac6/systemworkbench/plugins/fr.ac6.mcu.externaltools.arm-none.win32_1.16.0.201807130628/tools/compiler/bin/../lib/gcc/arm-none-eabi/7.2.1/../../../../arm-none-eabi/lib/thumb/v7e-m/fpv4-sp/hard\libc_nano.a(lib_a-reent.o)
                0x20000c7c                errno
                0x20000c80                . = ALIGN (0x4)
                0x20000c80                _ebss = .
                0x20000c80                __bss_end__ = _ebss

._user_heap_stack
                0x20000c80      0x600 load address 0x08005cd0
                0x20000c80                . = ALIGN (0x8)
                0x20000c80                PROVIDE (end, .)
                [!provide]                PROVIDE (_end, .)
                0x20000e80                . = (. + _Min_Heap_Size)
 *fill*         0x20000c80      0x200 
                0x20001280                . = (. + _Min_Stack_Size)
 *fill*         0x20000e80      0x400 
                0x20001280                . = ALIGN (0x8)

/DISCARD/
 libc.a(*)
 libm.a(*)
 libgcc.a(*)

.ARM.attributes
                0x00000000       0x30
 *(.ARM.attributes)
 .ARM.attributes
                0x00000000       0x22 d:/ac6/systemworkbench/plugins/fr.ac6.mcu.externaltools.arm-none.win32_1.16.0.201807130628/tools/compiler/bin/../lib/gcc/arm-none-eabi/7.2.1/thumb/v7e-m/fpv4-sp/hard/crti.o
 .ARM.attributes
                0x00000022       0x34 d:/ac6/systemworkbench/plugins/fr.ac6.mcu.externaltools.arm-none.win32_1.16.0.201807130628/tools/compiler/bin/../lib/gcc/arm-none-eabi/7.2.1/thumb/v7e-m/fpv4-sp/hard/crtbegin.o
 .ARM.attributes
                0x00000056       0x21 Application/SW4STM32/startup_stm32f411xe.o
 .ARM.attributes
                0x00000077       0x39 Application/SW4STM32/syscalls.o
 .ARM.attributes
                0x000000b0       0x39 Application/User/fatfs.o
 .ARM.attributes
                0x000000e9       0x39 Application/User/main.o
 .ARM.attributes
                0x00000122       0x39 Application/User/stm32f4xx_hal_msp.o
 .ARM.attributes
                0x0000015b       0x39 Application/User/stm32f4xx_it.o
 .ARM.attributes
                0x00000194       0x39 Application/User/user_diskio.o
 .ARM.attributes
                0x000001cd       0x39 Drivers/CMSIS/system_stm32f4xx.o
 .ARM.attributes
                0x00000206       0x39 Drivers/STM32F4xx_HAL_Driver/stm32f4xx_hal.o
 .ARM.attributes
                0x0000023f       0x39 Drivers/STM32F4xx_HAL_Driver/stm32f4xx_hal_cortex.o
 .ARM.attributes
                0x00000278       0x39 Drivers/STM32F4xx_HAL_Driver/stm32f4xx_hal_dma.o
 .ARM.attributes
                0x000002b1       0x39 Drivers/STM32F4xx_HAL_Driver/stm32f4xx_hal_gpio.o
 .ARM.attributes
                0x000002ea       0x39 Drivers/STM32F4xx_HAL_Driver/stm32f4xx_hal_rcc.o
 .ARM.attributes
                0x00000323       0x39 Drivers/STM32F4xx_HAL_Driver/stm32f4xx_hal_spi.o
 .ARM.attributes
                0x0000035c       0x39 Drivers/STM32F4xx_HAL_Driver/stm32f4xx_hal_tim.o
 .ARM.attributes
                0x00000395       0x39 Drivers/STM32F4xx_HAL_Driver/stm32f4xx_hal_tim_ex.o
 .ARM.attributes
                0x000003ce       0x39 Drivers/STM32F4xx_HAL_Driver/stm32f4xx_hal_uart.o
 .ARM.attributes
                0x00000407       0x39 GSM/GSM.o
 .ARM.attributes
                0x00000440       0x39 Middlewares/FatFs/diskio.o
 .ARM.attributes
                0x00000479       0x39 Middlewares/FatFs/ff.o
 .ARM.attributes
                0x000004b2       0x39 Middlewares/FatFs/ff_gen_drv.o
 .ARM.attributes
                0x000004eb       0x39 SPI_Card/user_diskio_spi.o
 .ARM.attributes
                0x00000524       0x39 Zone/zone.o
 .ARM.attributes
                0x0000055d       0x22 d:/ac6/systemworkbench/plugins/fr.ac6.mcu.externaltools.arm-none.win32_1.16.0.201807130628/tools/compiler/bin/../lib/gcc/arm-none-eabi/7.2.1/thumb/v7e-m/fpv4-sp/hard\libgcc.a(_aeabi_uldivmod.o)
 .ARM.attributes
                0x0000057f       0x34 d:/ac6/systemworkbench/plugins/fr.ac6.mcu.externaltools.arm-none.win32_1.16.0.201807130628/tools/compiler/bin/../lib/gcc/arm-none-eabi/7.2.1/thumb/v7e-m/fpv4-sp/hard\libgcc.a(_udivmoddi4.o)
 .ARM.attributes
                0x000005b3       0x22 d:/ac6/systemworkbench/plugins/fr.ac6.mcu.externaltools.arm-none.win32_1.16.0.201807130628/tools/compiler/bin/../lib/gcc/arm-none-eabi/7.2.1/thumb/v7e-m/fpv4-sp/hard\libgcc.a(_dvmd_tls.o)
 .ARM.attributes
                0x000005d5       0x34 d:/ac6/systemworkbench/plugins/fr.ac6.mcu.externaltools.arm-none.win32_1.16.0.201807130628/tools/compiler/bin/../lib/gcc/arm-none-eabi/7.2.1/../../../../arm-none-eabi/lib/thumb/v7e-m/fpv4-sp/hard\libc_nano.a(lib_a-errno.o)
 .ARM.attributes
                0x00000609       0x34 d:/ac6/systemworkbench/plugins/fr.ac6.mcu.externaltools.arm-none.win32_1.16.0.201807130628/tools/compiler/bin/../lib/gcc/arm-none-eabi/7.2.1/../../../../arm-none-eabi/lib/thumb/v7e-m/fpv4-sp/hard\libc_nano.a(lib_a-impure.o)
 .ARM.attributes
                0x0000063d       0x34 d:/ac6/systemworkbench/plugins/fr.ac6.mcu.externaltools.arm-none.win32_1.16.0.201807130628/tools/compiler/bin/../lib/gcc/arm-none-eabi/7.2.1/../../../../arm-none-eabi/lib/thumb/v7e-m/fpv4-sp/hard\libc_nano.a(lib_a-init.o)
 .ARM.attributes
                0x00000671       0x34 d:/ac6/systemworkbench/plugins/fr.ac6.mcu.externaltools.arm-none.win32_1.16.0.201807130628/tools/compiler/bin/../lib/gcc/arm-none-eabi/7.2.1/../../../../arm-none-eabi/lib/thumb/v7e-m/fpv4-sp/hard\libc_nano.a(lib_a-malloc.o)
 .ARM.attributes
                0x000006a5       0x34 d:/ac6/systemworkbench/plugins/fr.ac6.mcu.externaltools.arm-none.win32_1.16.0.201807130628/tools/compiler/bin/../lib/gcc/arm-none-eabi/7.2.1/../../../../arm-none-eabi/lib/thumb/v7e-m/fpv4-sp/hard\libc_nano.a(lib_a-memset.o)
 .ARM.attributes
                0x000006d9       0x34 d:/ac6/systemworkbench/plugins/fr.ac6.mcu.externaltools.arm-none.win32_1.16.0.201807130628/tools/compiler/bin/../lib/gcc/arm-none-eabi/7.2.1/../../../../arm-none-eabi/lib/thumb/v7e-m/fpv4-sp/hard\libc_nano.a(lib_a-nano-freer.o)
 .ARM.attributes
                0x0000070d       0x34 d:/ac6/systemworkbench/plugins/fr.ac6.mcu.externaltools.arm-none.win32_1.16.0.201807130628/tools/compiler/bin/../lib/gcc/arm-none-eabi/7.2.1/../../../../arm-none-eabi/lib/thumb/v7e-m/fpv4-sp/hard\libc_nano.a(lib_a-nano-mallocr.o)
 .ARM.attributes
                0x00000741       0x34 d:/ac6/systemworkbench/plugins/fr.ac6.mcu.externaltools.arm-none.win32_1.16.0.201807130628/tools/compiler/bin/../lib/gcc/arm-none-eabi/7.2.1/../../../../arm-none-eabi/lib/thumb/v7e-m/fpv4-sp/hard\libc_nano.a(lib_a-printf.o)
 .ARM.attributes
                0x00000775       0x34 d:/ac6/systemworkbench/plugins/fr.ac6.mcu.externaltools.arm-none.win32_1.16.0.201807130628/tools/compiler/bin/../lib/gcc/arm-none-eabi/7.2.1/../../../../arm-none-eabi/lib/thumb/v7e-m/fpv4-sp/hard\libc_nano.a(lib_a-sbrkr.o)
 .ARM.attributes
                0x000007a9       0x34 d:/ac6/systemworkbench/plugins/fr.ac6.mcu.externaltools.arm-none.win32_1.16.0.201807130628/tools/compiler/bin/../lib/gcc/arm-none-eabi/7.2.1/../../../../arm-none-eabi/lib/thumb/v7e-m/fpv4-sp/hard\libc_nano.a(lib_a-strcat.o)
 .ARM.attributes
                0x000007dd       0x20 d:/ac6/systemworkbench/plugins/fr.ac6.mcu.externaltools.arm-none.win32_1.16.0.201807130628/tools/compiler/bin/../lib/gcc/arm-none-eabi/7.2.1/../../../../arm-none-eabi/lib/thumb/v7e-m/fpv4-sp/hard\libc_nano.a(lib_a-strcmp.o)
 .ARM.attributes
                0x000007fd       0x1b d:/ac6/systemworkbench/plugins/fr.ac6.mcu.externaltools.arm-none.win32_1.16.0.201807130628/tools/compiler/bin/../lib/gcc/arm-none-eabi/7.2.1/../../../../arm-none-eabi/lib/thumb/v7e-m/fpv4-sp/hard\libc_nano.a(lib_a-strlen.o)
 .ARM.attributes
                0x00000818       0x34 d:/ac6/systemworkbench/plugins/fr.ac6.mcu.externaltools.arm-none.win32_1.16.0.201807130628/tools/compiler/bin/../lib/gcc/arm-none-eabi/7.2.1/../../../../arm-none-eabi/lib/thumb/v7e-m/fpv4-sp/hard\libc_nano.a(lib_a-findfp.o)
 .ARM.attributes
                0x0000084c       0x34 d:/ac6/systemworkbench/plugins/fr.ac6.mcu.externaltools.arm-none.win32_1.16.0.201807130628/tools/compiler/bin/../lib/gcc/arm-none-eabi/7.2.1/../../../../arm-none-eabi/lib/thumb/v7e-m/fpv4-sp/hard\libc_nano.a(lib_a-fwalk.o)
 .ARM.attributes
                0x00000880       0x34 d:/ac6/systemworkbench/plugins/fr.ac6.mcu.externaltools.arm-none.win32_1.16.0.201807130628/tools/compiler/bin/../lib/gcc/arm-none-eabi/7.2.1/../../../../arm-none-eabi/lib/thumb/v7e-m/fpv4-sp/hard\libc_nano.a(lib_a-mlock.o)
 .ARM.attributes
                0x000008b4       0x34 d:/ac6/systemworkbench/plugins/fr.ac6.mcu.externaltools.arm-none.win32_1.16.0.201807130628/tools/compiler/bin/../lib/gcc/arm-none-eabi/7.2.1/../../../../arm-none-eabi/lib/thumb/v7e-m/fpv4-sp/hard\libc_nano.a(lib_a-nano-vfprintf.o)
 .ARM.attributes
                0x000008e8       0x34 d:/ac6/systemworkbench/plugins/fr.ac6.mcu.externaltools.arm-none.win32_1.16.0.201807130628/tools/compiler/bin/../lib/gcc/arm-none-eabi/7.2.1/../../../../arm-none-eabi/lib/thumb/v7e-m/fpv4-sp/hard\libc_nano.a(lib_a-nano-vfprintf_i.o)
 .ARM.attributes
                0x0000091c       0x34 d:/ac6/systemworkbench/plugins/fr.ac6.mcu.externaltools.arm-none.win32_1.16.0.201807130628/tools/compiler/bin/../lib/gcc/arm-none-eabi/7.2.1/../../../../arm-none-eabi/lib/thumb/v7e-m/fpv4-sp/hard\libc_nano.a(lib_a-reent.o)
 .ARM.attributes
                0x00000950       0x34 d:/ac6/systemworkbench/plugins/fr.ac6.mcu.externaltools.arm-none.win32_1.16.0.201807130628/tools/compiler/bin/../lib/gcc/arm-none-eabi/7.2.1/../../../../arm-none-eabi/lib/thumb/v7e-m/fpv4-sp/hard\libc_nano.a(lib_a-stdio.o)
 .ARM.attributes
                0x00000984       0x34 d:/ac6/systemworkbench/plugins/fr.ac6.mcu.externaltools.arm-none.win32_1.16.0.201807130628/tools/compiler/bin/../lib/gcc/arm-none-eabi/7.2.1/../../../../arm-none-eabi/lib/thumb/v7e-m/fpv4-sp/hard\libc_nano.a(lib_a-wbuf.o)
 .ARM.attributes
                0x000009b8       0x34 d:/ac6/systemworkbench/plugins/fr.ac6.mcu.externaltools.arm-none.win32_1.16.0.201807130628/tools/compiler/bin/../lib/gcc/arm-none-eabi/7.2.1/../../../../arm-none-eabi/lib/thumb/v7e-m/fpv4-sp/hard\libc_nano.a(lib_a-writer.o)
 .ARM.attributes
                0x000009ec       0x34 d:/ac6/systemworkbench/plugins/fr.ac6.mcu.externaltools.arm-none.win32_1.16.0.201807130628/tools/compiler/bin/../lib/gcc/arm-none-eabi/7.2.1/../../../../arm-none-eabi/lib/thumb/v7e-m/fpv4-sp/hard\libc_nano.a(lib_a-wsetup.o)
 .ARM.attributes
                0x00000a20       0x34 d:/ac6/systemworkbench/plugins/fr.ac6.mcu.externaltools.arm-none.win32_1.16.0.201807130628/tools/compiler/bin/../lib/gcc/arm-none-eabi/7.2.1/../../../../arm-none-eabi/lib/thumb/v7e-m/fpv4-sp/hard\libc_nano.a(lib_a-closer.o)
 .ARM.attributes
                0x00000a54       0x34 d:/ac6/systemworkbench/plugins/fr.ac6.mcu.externaltools.arm-none.win32_1.16.0.201807130628/tools/compiler/bin/../lib/gcc/arm-none-eabi/7.2.1/../../../../arm-none-eabi/lib/thumb/v7e-m/fpv4-sp/hard\libc_nano.a(lib_a-fflush.o)
 .ARM.attributes
                0x00000a88       0x34 d:/ac6/systemworkbench/plugins/fr.ac6.mcu.externaltools.arm-none.win32_1.16.0.201807130628/tools/compiler/bin/../lib/gcc/arm-none-eabi/7.2.1/../../../../arm-none-eabi/lib/thumb/v7e-m/fpv4-sp/hard\libc_nano.a(lib_a-lseekr.o)
 .ARM.attributes
                0x00000abc       0x34 d:/ac6/systemworkbench/plugins/fr.ac6.mcu.externaltools.arm-none.win32_1.16.0.201807130628/tools/compiler/bin/../lib/gcc/arm-none-eabi/7.2.1/../../../../arm-none-eabi/lib/thumb/v7e-m/fpv4-sp/hard\libc_nano.a(lib_a-makebuf.o)
 .ARM.attributes
                0x00000af0       0x20 d:/ac6/systemworkbench/plugins/fr.ac6.mcu.externaltools.arm-none.win32_1.16.0.201807130628/tools/compiler/bin/../lib/gcc/arm-none-eabi/7.2.1/../../../../arm-none-eabi/lib/thumb/v7e-m/fpv4-sp/hard\libc_nano.a(lib_a-memchr.o)
 .ARM.attributes
                0x00000b10       0x34 d:/ac6/systemworkbench/plugins/fr.ac6.mcu.externaltools.arm-none.win32_1.16.0.201807130628/tools/compiler/bin/../lib/gcc/arm-none-eabi/7.2.1/../../../../arm-none-eabi/lib/thumb/v7e-m/fpv4-sp/hard\libc_nano.a(lib_a-readr.o)
 .ARM.attributes
                0x00000b44       0x34 d:/ac6/systemworkbench/plugins/fr.ac6.mcu.externaltools.arm-none.win32_1.16.0.201807130628/tools/compiler/bin/../lib/gcc/arm-none-eabi/7.2.1/../../../../arm-none-eabi/lib/thumb/v7e-m/fpv4-sp/hard\libc_nano.a(lib_a-fstatr.o)
 .ARM.attributes
                0x00000b78       0x34 d:/ac6/systemworkbench/plugins/fr.ac6.mcu.externaltools.arm-none.win32_1.16.0.201807130628/tools/compiler/bin/../lib/gcc/arm-none-eabi/7.2.1/../../../../arm-none-eabi/lib/thumb/v7e-m/fpv4-sp/hard\libc_nano.a(lib_a-isattyr.o)
 .ARM.attributes
                0x00000bac       0x22 d:/ac6/systemworkbench/plugins/fr.ac6.mcu.externaltools.arm-none.win32_1.16.0.201807130628/tools/compiler/bin/../lib/gcc/arm-none-eabi/7.2.1/thumb/v7e-m/fpv4-sp/hard/crtn.o
OUTPUT(UART_GPS.elf elf32-littlearm)

.debug_line     0x00000000    0x10657
 .debug_line    0x00000000       0xb0 Application/SW4STM32/startup_stm32f411xe.o
 .debug_line    0x000000b0      0x606 Application/SW4STM32/syscalls.o
 .debug_line    0x000006b6      0x907 Application/User/fatfs.o
 .debug_line    0x00000fbd      0xbdd Application/User/main.o
 .debug_line    0x00001b9a      0x907 Application/User/stm32f4xx_hal_msp.o
 .debug_line    0x000024a1      0x92e Application/User/stm32f4xx_it.o
 .debug_line    0x00002dcf      0x9be Application/User/user_diskio.o
 .debug_line    0x0000378d      0x859 Drivers/CMSIS/system_stm32f4xx.o
 .debug_line    0x00003fe6      0xa12 Drivers/STM32F4xx_HAL_Driver/stm32f4xx_hal.o
 .debug_line    0x000049f8      0xa6d Drivers/STM32F4xx_HAL_Driver/stm32f4xx_hal_cortex.o
 .debug_line    0x00005465      0xb58 Drivers/STM32F4xx_HAL_Driver/stm32f4xx_hal_dma.o
 .debug_line    0x00005fbd      0x997 Drivers/STM32F4xx_HAL_Driver/stm32f4xx_hal_gpio.o
 .debug_line    0x00006954      0xaa9 Drivers/STM32F4xx_HAL_Driver/stm32f4xx_hal_rcc.o
 .debug_line    0x000073fd     0x1225 Drivers/STM32F4xx_HAL_Driver/stm32f4xx_hal_spi.o
 .debug_line    0x00008622     0x180f Drivers/STM32F4xx_HAL_Driver/stm32f4xx_hal_tim.o
 .debug_line    0x00009e31      0xded Drivers/STM32F4xx_HAL_Driver/stm32f4xx_hal_tim_ex.o
 .debug_line    0x0000ac1e     0x113d Drivers/STM32F4xx_HAL_Driver/stm32f4xx_hal_uart.o
 .debug_line    0x0000bd5b      0x8e5 GSM/GSM.o
 .debug_line    0x0000c640      0x903 Middlewares/FatFs/diskio.o
 .debug_line    0x0000cf43     0x1948 Middlewares/FatFs/ff.o
 .debug_line    0x0000e88b      0x90b Middlewares/FatFs/ff_gen_drv.o
 .debug_line    0x0000f196      0xbc6 SPI_Card/user_diskio_spi.o
 .debug_line    0x0000fd5c      0x8fb Zone/zone.o

.debug_info     0x00000000    0x218ae
 .debug_info    0x00000000       0x22 Application/SW4STM32/startup_stm32f411xe.o
 .debug_info    0x00000022      0xfd3 Application/SW4STM32/syscalls.o
 .debug_info    0x00000ff5      0xd5d Application/User/fatfs.o
 .debug_info    0x00001d52     0x27c4 Application/User/main.o
 .debug_info    0x00004516     0x1b69 Application/User/stm32f4xx_hal_msp.o
 .debug_info    0x0000607f     0x1425 Application/User/stm32f4xx_it.o
 .debug_info    0x000074a4      0xc8b Application/User/user_diskio.o
 .debug_info    0x0000812f      0xd53 Drivers/CMSIS/system_stm32f4xx.o
 .debug_info    0x00008e82     0x116d Drivers/STM32F4xx_HAL_Driver/stm32f4xx_hal.o
 .debug_info    0x00009fef     0x16c5 Drivers/STM32F4xx_HAL_Driver/stm32f4xx_hal_cortex.o
 .debug_info    0x0000b6b4     0x1273 Drivers/STM32F4xx_HAL_Driver/stm32f4xx_hal_dma.o
 .debug_info    0x0000c927      0xfbb Drivers/STM32F4xx_HAL_Driver/stm32f4xx_hal_gpio.o
 .debug_info    0x0000d8e2     0x1285 Drivers/STM32F4xx_HAL_Driver/stm32f4xx_hal_rcc.o
 .debug_info    0x0000eb67     0x21ff Drivers/STM32F4xx_HAL_Driver/stm32f4xx_hal_spi.o
 .debug_info    0x00010d66     0x3687 Drivers/STM32F4xx_HAL_Driver/stm32f4xx_hal_tim.o
 .debug_info    0x000143ed     0x1b1d Drivers/STM32F4xx_HAL_Driver/stm32f4xx_hal_tim_ex.o
 .debug_info    0x00015f0a     0x1f12 Drivers/STM32F4xx_HAL_Driver/stm32f4xx_hal_uart.o
 .debug_info    0x00017e1c     0x145d GSM/GSM.o
 .debug_info    0x00019279      0xceb Middlewares/FatFs/diskio.o
 .debug_info    0x00019f64     0x46e1 Middlewares/FatFs/ff.o
 .debug_info    0x0001e645      0xc6a Middlewares/FatFs/ff_gen_drv.o
 .debug_info    0x0001f2af     0x1a7b SPI_Card/user_diskio_spi.o
 .debug_info    0x00020d2a      0xb84 Zone/zone.o

.debug_abbrev   0x00000000     0x3e36
 .debug_abbrev  0x00000000       0x12 Application/SW4STM32/startup_stm32f411xe.o
 .debug_abbrev  0x00000012      0x2d4 Application/SW4STM32/syscalls.o
 .debug_abbrev  0x000002e6      0x23f Application/User/fatfs.o
 .debug_abbrev  0x00000525      0x393 Application/User/main.o
 .debug_abbrev  0x000008b8      0x2a6 Application/User/stm32f4xx_hal_msp.o
 .debug_abbrev  0x00000b5e      0x263 Application/User/stm32f4xx_it.o
 .debug_abbrev  0x00000dc1      0x240 Application/User/user_diskio.o
 .debug_abbrev  0x00001001      0x205 Drivers/CMSIS/system_stm32f4xx.o
 .debug_abbrev  0x00001206      0x2e5 Drivers/STM32F4xx_HAL_Driver/stm32f4xx_hal.o
 .debug_abbrev  0x000014eb      0x3d6 Drivers/STM32F4xx_HAL_Driver/stm32f4xx_hal_cortex.o
 .debug_abbrev  0x000018c1      0x31b Drivers/STM32F4xx_HAL_Driver/stm32f4xx_hal_dma.o
 .debug_abbrev  0x00001bdc      0x2a7 Drivers/STM32F4xx_HAL_Driver/stm32f4xx_hal_gpio.o
 .debug_abbrev  0x00001e83      0x333 Drivers/STM32F4xx_HAL_Driver/stm32f4xx_hal_rcc.o
 .debug_abbrev  0x000021b6      0x2f2 Drivers/STM32F4xx_HAL_Driver/stm32f4xx_hal_spi.o
 .debug_abbrev  0x000024a8      0x2e0 Drivers/STM32F4xx_HAL_Driver/stm32f4xx_hal_tim.o
 .debug_abbrev  0x00002788      0x2e0 Drivers/STM32F4xx_HAL_Driver/stm32f4xx_hal_tim_ex.o
 .debug_abbrev  0x00002a68      0x344 Drivers/STM32F4xx_HAL_Driver/stm32f4xx_hal_uart.o
 .debug_abbrev  0x00002dac      0x2b0 GSM/GSM.o
 .debug_abbrev  0x0000305c      0x282 Middlewares/FatFs/diskio.o
 .debug_abbrev  0x000032de      0x31e Middlewares/FatFs/ff.o
 .debug_abbrev  0x000035fc      0x276 Middlewares/FatFs/ff_gen_drv.o
 .debug_abbrev  0x00003872      0x345 SPI_Card/user_diskio_spi.o
 .debug_abbrev  0x00003bb7      0x27f Zone/zone.o

.debug_aranges  0x00000000     0x1190
 .debug_aranges
                0x00000000       0x28 Application/SW4STM32/startup_stm32f411xe.o
 .debug_aranges
                0x00000028       0xb0 Application/SW4STM32/syscalls.o
 .debug_aranges
                0x000000d8       0x28 Application/User/fatfs.o
 .debug_aranges
                0x00000100       0x78 Application/User/main.o
 .debug_aranges
                0x00000178       0x50 Application/User/stm32f4xx_hal_msp.o
 .debug_aranges
                0x000001c8       0x90 Application/User/stm32f4xx_it.o
 .debug_aranges
                0x00000258       0x40 Application/User/user_diskio.o
 .debug_aranges
                0x00000298       0x28 Drivers/CMSIS/system_stm32f4xx.o
 .debug_aranges
                0x000002c0       0xe0 Drivers/STM32F4xx_HAL_Driver/stm32f4xx_hal.o
 .debug_aranges
                0x000003a0       0xa8 Drivers/STM32F4xx_HAL_Driver/stm32f4xx_hal_cortex.o
 .debug_aranges
                0x00000448       0x90 Drivers/STM32F4xx_HAL_Driver/stm32f4xx_hal_dma.o
 .debug_aranges
                0x000004d8       0x58 Drivers/STM32F4xx_HAL_Driver/stm32f4xx_hal_gpio.o
 .debug_aranges
                0x00000530       0x88 Drivers/STM32F4xx_HAL_Driver/stm32f4xx_hal_rcc.o
 .debug_aranges
                0x000005b8      0x1c8 Drivers/STM32F4xx_HAL_Driver/stm32f4xx_hal_spi.o
 .debug_aranges
                0x00000780      0x368 Drivers/STM32F4xx_HAL_Driver/stm32f4xx_hal_tim.o
 .debug_aranges
                0x00000ae8      0x140 Drivers/STM32F4xx_HAL_Driver/stm32f4xx_hal_tim_ex.o
 .debug_aranges
                0x00000c28      0x1d0 Drivers/STM32F4xx_HAL_Driver/stm32f4xx_hal_uart.o
 .debug_aranges
                0x00000df8       0x40 GSM/GSM.o
 .debug_aranges
                0x00000e38       0x48 Middlewares/FatFs/diskio.o
 .debug_aranges
                0x00000e80      0x208 Middlewares/FatFs/ff.o
 .debug_aranges
                0x00001088       0x40 Middlewares/FatFs/ff_gen_drv.o
 .debug_aranges
                0x000010c8       0x98 SPI_Card/user_diskio_spi.o
 .debug_aranges
                0x00001160       0x30 Zone/zone.o

.debug_str      0x00000000    0x8c438
 .debug_str     0x00000000       0xac Application/SW4STM32/startup_stm32f411xe.o
 .debug_str     0x000000ac     0x8472 Application/SW4STM32/syscalls.o
                               0x874a (size before relaxing)
 .debug_str     0x0000851e    0x7e3ac Application/User/fatfs.o
                              0x85a5b (size before relaxing)
 .debug_str     0x000868ca     0x1504 Application/User/main.o
                              0x87012 (size before relaxing)
 .debug_str     0x00087dce       0xfc Application/User/stm32f4xx_hal_msp.o
                              0x85eba (size before relaxing)
 .debug_str     0x00087eca      0x1b7 Application/User/stm32f4xx_it.o
                              0x85a48 (size before relaxing)
 .debug_str     0x00088081      0x1d0 Application/User/user_diskio.o
                              0x85ad2 (size before relaxing)
 .debug_str     0x00088251       0x9b Drivers/CMSIS/system_stm32f4xx.o
                              0x85330 (size before relaxing)
 .debug_str     0x000882ec      0x62b Drivers/STM32F4xx_HAL_Driver/stm32f4xx_hal.o
                              0x85d47 (size before relaxing)
 .debug_str     0x00088917      0x357 Drivers/STM32F4xx_HAL_Driver/stm32f4xx_hal_cortex.o
                              0x85a77 (size before relaxing)
 .debug_str     0x00088c6e      0x34d Drivers/STM32F4xx_HAL_Driver/stm32f4xx_hal_dma.o
                              0x85744 (size before relaxing)
 .debug_str     0x00088fbb      0x1f3 Drivers/STM32F4xx_HAL_Driver/stm32f4xx_hal_gpio.o
                              0x85574 (size before relaxing)
 .debug_str     0x000891ae      0x258 Drivers/STM32F4xx_HAL_Driver/stm32f4xx_hal_rcc.o
                              0x8573e (size before relaxing)
 .debug_str     0x00089406      0x503 Drivers/STM32F4xx_HAL_Driver/stm32f4xx_hal_spi.o
                              0x85b48 (size before relaxing)
 .debug_str     0x00089909      0xcaf Drivers/STM32F4xx_HAL_Driver/stm32f4xx_hal_tim.o
                              0x8636a (size before relaxing)
 .debug_str     0x0008a5b8      0x524 Drivers/STM32F4xx_HAL_Driver/stm32f4xx_hal_tim_ex.o
                              0x85c2a (size before relaxing)
 .debug_str     0x0008aadc      0x4e4 Drivers/STM32F4xx_HAL_Driver/stm32f4xx_hal_uart.o
                              0x85ba7 (size before relaxing)
 .debug_str     0x0008afc0       0x4f GSM/GSM.o
                              0x85683 (size before relaxing)
 .debug_str     0x0008b00f       0x82 Middlewares/FatFs/diskio.o
                              0x85970 (size before relaxing)
 .debug_str     0x0008b091     0x103c Middlewares/FatFs/ff.o
                              0x86baa (size before relaxing)
 .debug_str     0x0008c0cd       0xc1 Middlewares/FatFs/ff_gen_drv.o
                              0x859c1 (size before relaxing)
 .debug_str     0x0008c18e      0x244 SPI_Card/user_diskio_spi.o
                              0x860d8 (size before relaxing)
 .debug_str     0x0008c3d2       0x66 Zone/zone.o
                              0x85350 (size before relaxing)

.debug_ranges   0x00000000     0x1100
 .debug_ranges  0x00000000       0x20 Application/SW4STM32/startup_stm32f411xe.o
 .debug_ranges  0x00000020       0xa0 Application/SW4STM32/syscalls.o
 .debug_ranges  0x000000c0       0x18 Application/User/fatfs.o
 .debug_ranges  0x000000d8       0x68 Application/User/main.o
 .debug_ranges  0x00000140       0x40 Application/User/stm32f4xx_hal_msp.o
 .debug_ranges  0x00000180       0x80 Application/User/stm32f4xx_it.o
 .debug_ranges  0x00000200       0x30 Application/User/user_diskio.o
 .debug_ranges  0x00000230       0x18 Drivers/CMSIS/system_stm32f4xx.o
 .debug_ranges  0x00000248       0xd0 Drivers/STM32F4xx_HAL_Driver/stm32f4xx_hal.o
 .debug_ranges  0x00000318       0xf8 Drivers/STM32F4xx_HAL_Driver/stm32f4xx_hal_cortex.o
 .debug_ranges  0x00000410       0x80 Drivers/STM32F4xx_HAL_Driver/stm32f4xx_hal_dma.o
 .debug_ranges  0x00000490       0x48 Drivers/STM32F4xx_HAL_Driver/stm32f4xx_hal_gpio.o
 .debug_ranges  0x000004d8       0x90 Drivers/STM32F4xx_HAL_Driver/stm32f4xx_hal_rcc.o
 .debug_ranges  0x00000568      0x1b8 Drivers/STM32F4xx_HAL_Driver/stm32f4xx_hal_spi.o
 .debug_ranges  0x00000720      0x358 Drivers/STM32F4xx_HAL_Driver/stm32f4xx_hal_tim.o
 .debug_ranges  0x00000a78      0x130 Drivers/STM32F4xx_HAL_Driver/stm32f4xx_hal_tim_ex.o
 .debug_ranges  0x00000ba8      0x1c0 Drivers/STM32F4xx_HAL_Driver/stm32f4xx_hal_uart.o
 .debug_ranges  0x00000d68       0x30 GSM/GSM.o
 .debug_ranges  0x00000d98       0x38 Middlewares/FatFs/diskio.o
 .debug_ranges  0x00000dd0      0x1f8 Middlewares/FatFs/ff.o
 .debug_ranges  0x00000fc8       0x30 Middlewares/FatFs/ff_gen_drv.o
 .debug_ranges  0x00000ff8       0x88 SPI_Card/user_diskio_spi.o
 .debug_ranges  0x00001080       0x80 Zone/zone.o

.debug_loc      0x00000000     0xee2f
 .debug_loc     0x00000000      0x3af Application/SW4STM32/syscalls.o
 .debug_loc     0x000003af       0xb3 Application/User/main.o
 .debug_loc     0x00000462      0x1a7 Application/User/stm32f4xx_hal_msp.o
 .debug_loc     0x00000609      0x1ad Application/User/user_diskio.o
 .debug_loc     0x000007b6      0x13e Drivers/CMSIS/system_stm32f4xx.o
 .debug_loc     0x000008f4       0xfd Drivers/STM32F4xx_HAL_Driver/stm32f4xx_hal.o
 .debug_loc     0x000009f1      0x5ce Drivers/STM32F4xx_HAL_Driver/stm32f4xx_hal_cortex.o
 .debug_loc     0x00000fbf      0xb4e Drivers/STM32F4xx_HAL_Driver/stm32f4xx_hal_dma.o
 .debug_loc     0x00001b0d      0x469 Drivers/STM32F4xx_HAL_Driver/stm32f4xx_hal_gpio.o
 .debug_loc     0x00001f76      0x3f1 Drivers/STM32F4xx_HAL_Driver/stm32f4xx_hal_rcc.o
 .debug_loc     0x00002367     0x1937 Drivers/STM32F4xx_HAL_Driver/stm32f4xx_hal_spi.o
 .debug_loc     0x00003c9e     0x3664 Drivers/STM32F4xx_HAL_Driver/stm32f4xx_hal_tim.o
 .debug_loc     0x00007302      0xefe Drivers/STM32F4xx_HAL_Driver/stm32f4xx_hal_tim_ex.o
 .debug_loc     0x00008200     0x158b Drivers/STM32F4xx_HAL_Driver/stm32f4xx_hal_uart.o
 .debug_loc     0x0000978b      0x108 GSM/GSM.o
 .debug_loc     0x00009893      0x1f1 Middlewares/FatFs/diskio.o
 .debug_loc     0x00009a84     0x458d Middlewares/FatFs/ff.o
 .debug_loc     0x0000e011      0x24a Middlewares/FatFs/ff_gen_drv.o
 .debug_loc     0x0000e25b      0x963 SPI_Card/user_diskio_spi.o
 .debug_loc     0x0000ebbe      0x271 Zone/zone.o

.debug_macro    0x00000000    0x19faf
 .debug_macro   0x00000000      0x243 Application/SW4STM32/syscalls.o
 .debug_macro   0x00000243      0xa60 Application/SW4STM32/syscalls.o
 .debug_macro   0x00000ca3       0x22 Application/SW4STM32/syscalls.o
 .debug_macro   0x00000cc5       0x52 Application/SW4STM32/syscalls.o
 .debug_macro   0x00000d17       0x17 Application/SW4STM32/syscalls.o
 .debug_macro   0x00000d2e       0x8d Application/SW4STM32/syscalls.o
 .debug_macro   0x00000dbb       0x35 Application/SW4STM32/syscalls.o
 .debug_macro   0x00000df0       0x9c Application/SW4STM32/syscalls.o
 .debug_macro   0x00000e8c       0x57 Application/SW4STM32/syscalls.o
 .debug_macro   0x00000ee3      0x174 Application/SW4STM32/syscalls.o
 .debug_macro   0x00001057      0x330 Application/SW4STM32/syscalls.o
 .debug_macro   0x00001387       0x58 Application/SW4STM32/syscalls.o
 .debug_macro   0x000013df       0x1f Application/SW4STM32/syscalls.o
 .debug_macro   0x000013fe       0x43 Application/SW4STM32/syscalls.o
 .debug_macro   0x00001441       0x20 Application/SW4STM32/syscalls.o
 .debug_macro   0x00001461      0x18e Application/SW4STM32/syscalls.o
 .debug_macro   0x000015ef       0x10 Application/SW4STM32/syscalls.o
 .debug_macro   0x000015ff       0x35 Application/SW4STM32/syscalls.o
 .debug_macro   0x00001634       0x10 Application/SW4STM32/syscalls.o
 .debug_macro   0x00001644       0x10 Application/SW4STM32/syscalls.o
 .debug_macro   0x00001654       0x10 Application/SW4STM32/syscalls.o
 .debug_macro   0x00001664       0x6a Application/SW4STM32/syscalls.o
 .debug_macro   0x000016ce       0x1c Application/SW4STM32/syscalls.o
 .debug_macro   0x000016ea       0x52 Application/SW4STM32/syscalls.o
 .debug_macro   0x0000173c       0x40 Application/SW4STM32/syscalls.o
 .debug_macro   0x0000177c       0x10 Application/SW4STM32/syscalls.o
 .debug_macro   0x0000178c       0x40 Application/SW4STM32/syscalls.o
 .debug_macro   0x000017cc       0xd7 Application/SW4STM32/syscalls.o
 .debug_macro   0x000018a3       0x1c Application/SW4STM32/syscalls.o
 .debug_macro   0x000018bf       0x3d Application/SW4STM32/syscalls.o
 .debug_macro   0x000018fc       0x35 Application/SW4STM32/syscalls.o
 .debug_macro   0x00001931      0x122 Application/SW4STM32/syscalls.o
 .debug_macro   0x00001a53       0x16 Application/SW4STM32/syscalls.o
 .debug_macro   0x00001a69       0x16 Application/SW4STM32/syscalls.o
 .debug_macro   0x00001a7f       0x29 Application/SW4STM32/syscalls.o
 .debug_macro   0x00001aa8       0x10 Application/SW4STM32/syscalls.o
 .debug_macro   0x00001ab8      0x241 Application/SW4STM32/syscalls.o
 .debug_macro   0x00001cf9       0x1c Application/SW4STM32/syscalls.o
 .debug_macro   0x00001d15       0x10 Application/SW4STM32/syscalls.o
 .debug_macro   0x00001d25       0x10 Application/SW4STM32/syscalls.o
 .debug_macro   0x00001d35       0x16 Application/SW4STM32/syscalls.o
 .debug_macro   0x00001d4b      0x16f Application/SW4STM32/syscalls.o
 .debug_macro   0x00001eba      0x189 Application/SW4STM32/syscalls.o
 .debug_macro   0x00002043       0x16 Application/SW4STM32/syscalls.o
 .debug_macro   0x00002059       0x88 Application/SW4STM32/syscalls.o
 .debug_macro   0x000020e1      0x3b8 Application/User/fatfs.o
 .debug_macro   0x00002499      0x18c Application/User/fatfs.o
 .debug_macro   0x00002625       0x32 Application/User/fatfs.o
 .debug_macro   0x00002657       0x28 Application/User/fatfs.o
 .debug_macro   0x0000267f       0x87 Application/User/fatfs.o
 .debug_macro   0x00002706       0x51 Application/User/fatfs.o
 .debug_macro   0x00002757       0xef Application/User/fatfs.o
 .debug_macro   0x00002846      0x1df Application/User/fatfs.o
 .debug_macro   0x00002a25       0x35 Application/User/fatfs.o
 .debug_macro   0x00002a5a       0x50 Application/User/fatfs.o
 .debug_macro   0x00002aaa      0xe66 Application/User/fatfs.o
 .debug_macro   0x00003910     0xb803 Application/User/fatfs.o
 .debug_macro   0x0000f113       0x43 Application/User/fatfs.o
 .debug_macro   0x0000f156     0x3535 Application/User/fatfs.o
 .debug_macro   0x0001268b       0x58 Application/User/fatfs.o
 .debug_macro   0x000126e3       0x16 Application/User/fatfs.o
 .debug_macro   0x000126f9       0x97 Application/User/fatfs.o
 .debug_macro   0x00012790       0xfd Application/User/fatfs.o
 .debug_macro   0x0001288d       0x50 Application/User/fatfs.o
 .debug_macro   0x000128dd      0x447 Application/User/fatfs.o
 .debug_macro   0x00012d24      0xa02 Application/User/fatfs.o
 .debug_macro   0x00013726      0x11e Application/User/fatfs.o
 .debug_macro   0x00013844      0x11b Application/User/fatfs.o
 .debug_macro   0x0001395f       0x27 Application/User/fatfs.o
 .debug_macro   0x00013986      0x287 Application/User/fatfs.o
 .debug_macro   0x00013c0d       0x5f Application/User/fatfs.o
 .debug_macro   0x00013c6c      0x23a Application/User/fatfs.o
 .debug_macro   0x00013ea6      0x13a Application/User/fatfs.o
 .debug_macro   0x00013fe0      0x264 Application/User/fatfs.o
 .debug_macro   0x00014244       0x2e Application/User/fatfs.o
 .debug_macro   0x00014272      0x11e Application/User/fatfs.o
 .debug_macro   0x00014390       0x85 Application/User/fatfs.o
 .debug_macro   0x00014415       0x89 Application/User/fatfs.o
 .debug_macro   0x0001449e      0x202 Application/User/fatfs.o
 .debug_macro   0x000146a0      0x6e0 Application/User/fatfs.o
 .debug_macro   0x00014d80       0x59 Application/User/fatfs.o
 .debug_macro   0x00014dd9      0x14d Application/User/fatfs.o
 .debug_macro   0x00014f26      0x287 Application/User/fatfs.o
 .debug_macro   0x000151ad      0x12d Application/User/fatfs.o
 .debug_macro   0x000152da       0xe7 Application/User/fatfs.o
 .debug_macro   0x000153c1       0x12 Application/User/fatfs.o
 .debug_macro   0x000153d3       0xdb Application/User/fatfs.o
 .debug_macro   0x000154ae       0x8e Application/User/fatfs.o
 .debug_macro   0x0001553c      0x403 Application/User/main.o
 .debug_macro   0x0001593f       0x16 Application/User/main.o
 .debug_macro   0x00015955       0x94 Application/User/main.o
 .debug_macro   0x000159e9       0x16 Application/User/main.o
 .debug_macro   0x000159ff      0x32b Application/User/stm32f4xx_hal_msp.o
 .debug_macro   0x00015d2a      0x335 Application/User/stm32f4xx_it.o
 .debug_macro   0x0001605f      0x3e5 Application/User/user_diskio.o
 .debug_macro   0x00016444       0x10 Application/User/user_diskio.o
 .debug_macro   0x00016454       0x16 Application/User/user_diskio.o
 .debug_macro   0x0001646a       0x7c Application/User/user_diskio.o
 .debug_macro   0x000164e6       0x1c Application/User/user_diskio.o
 .debug_macro   0x00016502      0x327 Drivers/CMSIS/system_stm32f4xx.o
 .debug_macro   0x00016829      0x381 Drivers/STM32F4xx_HAL_Driver/stm32f4xx_hal.o
 .debug_macro   0x00016baa      0x321 Drivers/STM32F4xx_HAL_Driver/stm32f4xx_hal_cortex.o
 .debug_macro   0x00016ecb      0x328 Drivers/STM32F4xx_HAL_Driver/stm32f4xx_hal_dma.o
 .debug_macro   0x000171f3      0x359 Drivers/STM32F4xx_HAL_Driver/stm32f4xx_hal_gpio.o
 .debug_macro   0x0001754c      0x345 Drivers/STM32F4xx_HAL_Driver/stm32f4xx_hal_rcc.o
 .debug_macro   0x00017891      0x329 Drivers/STM32F4xx_HAL_Driver/stm32f4xx_hal_spi.o
 .debug_macro   0x00017bba      0x321 Drivers/STM32F4xx_HAL_Driver/stm32f4xx_hal_tim.o
 .debug_macro   0x00017edb      0x321 Drivers/STM32F4xx_HAL_Driver/stm32f4xx_hal_tim_ex.o
 .debug_macro   0x000181fc      0x322 Drivers/STM32F4xx_HAL_Driver/stm32f4xx_hal_uart.o
 .debug_macro   0x0001851e      0x365 GSM/GSM.o
 .debug_macro   0x00018883       0x10 GSM/GSM.o
 .debug_macro   0x00018893      0x3a5 Middlewares/FatFs/diskio.o
 .debug_macro   0x00018c38      0x7ac Middlewares/FatFs/ff.o
 .debug_macro   0x000193e4       0x4c Middlewares/FatFs/ff.o
 .debug_macro   0x00019430      0x3a5 Middlewares/FatFs/ff_gen_drv.o
 .debug_macro   0x000197d5      0x456 SPI_Card/user_diskio_spi.o
 .debug_macro   0x00019c2b      0x384 Zone/zone.o

.comment        0x00000000       0x7e
 .comment       0x00000000       0x7e Application/SW4STM32/syscalls.o
                                 0x7f (size before relaxing)
 .comment       0x0000007e       0x7f Application/User/fatfs.o
 .comment       0x0000007e       0x7f Application/User/main.o
 .comment       0x0000007e       0x7f Application/User/stm32f4xx_hal_msp.o
 .comment       0x0000007e       0x7f Application/User/stm32f4xx_it.o
 .comment       0x0000007e       0x7f Application/User/user_diskio.o
 .comment       0x0000007e       0x7f Drivers/CMSIS/system_stm32f4xx.o
 .comment       0x0000007e       0x7f Drivers/STM32F4xx_HAL_Driver/stm32f4xx_hal.o
 .comment       0x0000007e       0x7f Drivers/STM32F4xx_HAL_Driver/stm32f4xx_hal_cortex.o
 .comment       0x0000007e       0x7f Drivers/STM32F4xx_HAL_Driver/stm32f4xx_hal_dma.o
 .comment       0x0000007e       0x7f Drivers/STM32F4xx_HAL_Driver/stm32f4xx_hal_gpio.o
 .comment       0x0000007e       0x7f Drivers/STM32F4xx_HAL_Driver/stm32f4xx_hal_rcc.o
 .comment       0x0000007e       0x7f Drivers/STM32F4xx_HAL_Driver/stm32f4xx_hal_spi.o
 .comment       0x0000007e       0x7f Drivers/STM32F4xx_HAL_Driver/stm32f4xx_hal_tim.o
 .comment       0x0000007e       0x7f Drivers/STM32F4xx_HAL_Driver/stm32f4xx_hal_tim_ex.o
 .comment       0x0000007e       0x7f Drivers/STM32F4xx_HAL_Driver/stm32f4xx_hal_uart.o
 .comment       0x0000007e       0x7f GSM/GSM.o
 .comment       0x0000007e       0x7f Middlewares/FatFs/diskio.o
 .comment       0x0000007e       0x7f Middlewares/FatFs/ff.o
 .comment       0x0000007e       0x7f Middlewares/FatFs/ff_gen_drv.o
 .comment       0x0000007e       0x7f SPI_Card/user_diskio_spi.o
 .comment       0x0000007e       0x7f Zone/zone.o

.debug_frame    0x00000000     0x38c8
 .debug_frame   0x00000000      0x1a8 Application/SW4STM32/syscalls.o
 .debug_frame   0x000001a8       0x38 Application/User/fatfs.o
 .debug_frame   0x000001e0      0x148 Application/User/main.o
 .debug_frame   0x00000328       0xcc Application/User/stm32f4xx_hal_msp.o
 .debug_frame   0x000003f4      0x138 Application/User/stm32f4xx_it.o
 .debug_frame   0x0000052c       0x88 Application/User/user_diskio.o
 .debug_frame   0x000005b4       0x30 Drivers/CMSIS/system_stm32f4xx.o
 .debug_frame   0x000005e4      0x1cc Drivers/STM32F4xx_HAL_Driver/stm32f4xx_hal.o
 .debug_frame   0x000007b0      0x15c Drivers/STM32F4xx_HAL_Driver/stm32f4xx_hal_cortex.o
 .debug_frame   0x0000090c      0x188 Drivers/STM32F4xx_HAL_Driver/stm32f4xx_hal_dma.o
 .debug_frame   0x00000a94       0xd8 Drivers/STM32F4xx_HAL_Driver/stm32f4xx_hal_gpio.o
 .debug_frame   0x00000b6c      0x184 Drivers/STM32F4xx_HAL_Driver/stm32f4xx_hal_rcc.o